ARM GAS  C:\Users\HENRYK~1\AppData\Local\Temp\ccW0NIPv.s 			page 1


   1              		.cpu cortex-m0
   2              		.fpu softvfp
   3              		.eabi_attribute 20, 1
   4              		.eabi_attribute 21, 1
   5              		.eabi_attribute 23, 3
   6              		.eabi_attribute 24, 1
   7              		.eabi_attribute 25, 1
   8              		.eabi_attribute 26, 1
   9              		.eabi_attribute 30, 1
  10              		.eabi_attribute 34, 0
  11              		.eabi_attribute 18, 4
  12              		.code	16
  13              		.file	"cyfitter_cfg.c"
  14              		.text
  15              	.Ltext0:
  16              		.cfi_sections	.debug_frame
  17              		.section	.text.AnalogSetDefault,"ax",%progbits
  18              		.align	2
  19              		.code	16
  20              		.thumb_func
  21              		.type	AnalogSetDefault, %function
  22              	AnalogSetDefault:
  23              	.LFB6:
  24              		.file 1 ".\\Generated_Source\\PSoC4\\cyfitter_cfg.c"
   1:.\Generated_Source\PSoC4/cyfitter_cfg.c **** /*******************************************************************************
   2:.\Generated_Source\PSoC4/cyfitter_cfg.c **** * File Name: cyfitter_cfg.c
   3:.\Generated_Source\PSoC4/cyfitter_cfg.c **** * 
   4:.\Generated_Source\PSoC4/cyfitter_cfg.c **** * PSoC Creator  3.3 CP1
   5:.\Generated_Source\PSoC4/cyfitter_cfg.c **** *
   6:.\Generated_Source\PSoC4/cyfitter_cfg.c **** * Description:
   7:.\Generated_Source\PSoC4/cyfitter_cfg.c **** * This file contains device initialization code.
   8:.\Generated_Source\PSoC4/cyfitter_cfg.c **** * Except for the user defined sections in CyClockStartupError(), this file should not be modified.
   9:.\Generated_Source\PSoC4/cyfitter_cfg.c **** * This file is automatically generated by PSoC Creator.
  10:.\Generated_Source\PSoC4/cyfitter_cfg.c **** *
  11:.\Generated_Source\PSoC4/cyfitter_cfg.c **** ********************************************************************************
  12:.\Generated_Source\PSoC4/cyfitter_cfg.c **** * Copyright (c) 2007-2015 Cypress Semiconductor.  All rights reserved.
  13:.\Generated_Source\PSoC4/cyfitter_cfg.c **** * You may use this file only in accordance with the license, terms, conditions, 
  14:.\Generated_Source\PSoC4/cyfitter_cfg.c **** * disclaimers, and limitations in the end user license agreement accompanying 
  15:.\Generated_Source\PSoC4/cyfitter_cfg.c **** * the software package with which this file was provided.
  16:.\Generated_Source\PSoC4/cyfitter_cfg.c **** ********************************************************************************/
  17:.\Generated_Source\PSoC4/cyfitter_cfg.c **** 
  18:.\Generated_Source\PSoC4/cyfitter_cfg.c **** #include <string.h>
  19:.\Generated_Source\PSoC4/cyfitter_cfg.c **** #include "cytypes.h"
  20:.\Generated_Source\PSoC4/cyfitter_cfg.c **** #include "cydevice_trm.h"
  21:.\Generated_Source\PSoC4/cyfitter_cfg.c **** #include "cyfitter.h"
  22:.\Generated_Source\PSoC4/cyfitter_cfg.c **** #include "CyLib.h"
  23:.\Generated_Source\PSoC4/cyfitter_cfg.c **** #include "cyfitter_cfg.h"
  24:.\Generated_Source\PSoC4/cyfitter_cfg.c **** 
  25:.\Generated_Source\PSoC4/cyfitter_cfg.c **** 
  26:.\Generated_Source\PSoC4/cyfitter_cfg.c **** #if defined(__GNUC__) || defined(__ARMCC_VERSION)
  27:.\Generated_Source\PSoC4/cyfitter_cfg.c ****     #define CYPACKED 
  28:.\Generated_Source\PSoC4/cyfitter_cfg.c ****     #define CYPACKED_ATTR __attribute__ ((packed))
  29:.\Generated_Source\PSoC4/cyfitter_cfg.c ****     #define CYALIGNED __attribute__ ((aligned))
  30:.\Generated_Source\PSoC4/cyfitter_cfg.c ****     #define CY_CFG_UNUSED __attribute__ ((unused))
  31:.\Generated_Source\PSoC4/cyfitter_cfg.c ****     #define CY_CFG_SECTION __attribute__ ((section(".psocinit")))
  32:.\Generated_Source\PSoC4/cyfitter_cfg.c ****     
  33:.\Generated_Source\PSoC4/cyfitter_cfg.c ****     #if defined(__ARMCC_VERSION)
ARM GAS  C:\Users\HENRYK~1\AppData\Local\Temp\ccW0NIPv.s 			page 2


  34:.\Generated_Source\PSoC4/cyfitter_cfg.c ****         #define CY_CFG_MEMORY_BARRIER() __memory_changed()
  35:.\Generated_Source\PSoC4/cyfitter_cfg.c ****     #else
  36:.\Generated_Source\PSoC4/cyfitter_cfg.c ****         #define CY_CFG_MEMORY_BARRIER() __sync_synchronize()
  37:.\Generated_Source\PSoC4/cyfitter_cfg.c ****     #endif
  38:.\Generated_Source\PSoC4/cyfitter_cfg.c ****     
  39:.\Generated_Source\PSoC4/cyfitter_cfg.c **** #elif defined(__ICCARM__)
  40:.\Generated_Source\PSoC4/cyfitter_cfg.c ****     #include <intrinsics.h>
  41:.\Generated_Source\PSoC4/cyfitter_cfg.c **** 
  42:.\Generated_Source\PSoC4/cyfitter_cfg.c ****     #define CYPACKED __packed
  43:.\Generated_Source\PSoC4/cyfitter_cfg.c ****     #define CYPACKED_ATTR 
  44:.\Generated_Source\PSoC4/cyfitter_cfg.c ****     #define CYALIGNED _Pragma("data_alignment=4")
  45:.\Generated_Source\PSoC4/cyfitter_cfg.c ****     #define CY_CFG_UNUSED _Pragma("diag_suppress=Pe177")
  46:.\Generated_Source\PSoC4/cyfitter_cfg.c ****     #define CY_CFG_SECTION _Pragma("location=\".psocinit\"")
  47:.\Generated_Source\PSoC4/cyfitter_cfg.c ****     
  48:.\Generated_Source\PSoC4/cyfitter_cfg.c ****     #define CY_CFG_MEMORY_BARRIER() __DMB()
  49:.\Generated_Source\PSoC4/cyfitter_cfg.c ****     
  50:.\Generated_Source\PSoC4/cyfitter_cfg.c **** #else
  51:.\Generated_Source\PSoC4/cyfitter_cfg.c ****     #error Unsupported toolchain
  52:.\Generated_Source\PSoC4/cyfitter_cfg.c **** #endif
  53:.\Generated_Source\PSoC4/cyfitter_cfg.c **** 
  54:.\Generated_Source\PSoC4/cyfitter_cfg.c **** 
  55:.\Generated_Source\PSoC4/cyfitter_cfg.c **** CY_CFG_UNUSED
  56:.\Generated_Source\PSoC4/cyfitter_cfg.c **** static void CYMEMZERO(void *s, size_t n);
  57:.\Generated_Source\PSoC4/cyfitter_cfg.c **** CY_CFG_UNUSED
  58:.\Generated_Source\PSoC4/cyfitter_cfg.c **** static void CYMEMZERO(void *s, size_t n)
  59:.\Generated_Source\PSoC4/cyfitter_cfg.c **** {
  60:.\Generated_Source\PSoC4/cyfitter_cfg.c **** 	(void)memset(s, 0, n);
  61:.\Generated_Source\PSoC4/cyfitter_cfg.c **** }
  62:.\Generated_Source\PSoC4/cyfitter_cfg.c **** CY_CFG_UNUSED
  63:.\Generated_Source\PSoC4/cyfitter_cfg.c **** static void CYCONFIGCPY(void *dest, const void *src, size_t n);
  64:.\Generated_Source\PSoC4/cyfitter_cfg.c **** CY_CFG_UNUSED
  65:.\Generated_Source\PSoC4/cyfitter_cfg.c **** static void CYCONFIGCPY(void *dest, const void *src, size_t n)
  66:.\Generated_Source\PSoC4/cyfitter_cfg.c **** {
  67:.\Generated_Source\PSoC4/cyfitter_cfg.c **** 	(void)memcpy(dest, src, n);
  68:.\Generated_Source\PSoC4/cyfitter_cfg.c **** }
  69:.\Generated_Source\PSoC4/cyfitter_cfg.c **** CY_CFG_UNUSED
  70:.\Generated_Source\PSoC4/cyfitter_cfg.c **** static void CYCONFIGCPYCODE(void *dest, const void *src, size_t n);
  71:.\Generated_Source\PSoC4/cyfitter_cfg.c **** CY_CFG_UNUSED
  72:.\Generated_Source\PSoC4/cyfitter_cfg.c **** static void CYCONFIGCPYCODE(void *dest, const void *src, size_t n)
  73:.\Generated_Source\PSoC4/cyfitter_cfg.c **** {
  74:.\Generated_Source\PSoC4/cyfitter_cfg.c **** 	(void)memcpy(dest, src, n);
  75:.\Generated_Source\PSoC4/cyfitter_cfg.c **** }
  76:.\Generated_Source\PSoC4/cyfitter_cfg.c **** 
  77:.\Generated_Source\PSoC4/cyfitter_cfg.c **** 
  78:.\Generated_Source\PSoC4/cyfitter_cfg.c **** 
  79:.\Generated_Source\PSoC4/cyfitter_cfg.c **** /* Clock startup error codes                                                   */
  80:.\Generated_Source\PSoC4/cyfitter_cfg.c **** #define CYCLOCKSTART_NO_ERROR    0u
  81:.\Generated_Source\PSoC4/cyfitter_cfg.c **** #define CYCLOCKSTART_XTAL_ERROR  1u
  82:.\Generated_Source\PSoC4/cyfitter_cfg.c **** #define CYCLOCKSTART_32KHZ_ERROR 2u
  83:.\Generated_Source\PSoC4/cyfitter_cfg.c **** #define CYCLOCKSTART_PLL_ERROR   3u
  84:.\Generated_Source\PSoC4/cyfitter_cfg.c **** 
  85:.\Generated_Source\PSoC4/cyfitter_cfg.c **** #ifdef CY_NEED_CYCLOCKSTARTUPERROR
  86:.\Generated_Source\PSoC4/cyfitter_cfg.c **** /*******************************************************************************
  87:.\Generated_Source\PSoC4/cyfitter_cfg.c **** * Function Name: CyClockStartupError
  88:.\Generated_Source\PSoC4/cyfitter_cfg.c **** ********************************************************************************
  89:.\Generated_Source\PSoC4/cyfitter_cfg.c **** * Summary:
  90:.\Generated_Source\PSoC4/cyfitter_cfg.c **** *  If an error is encountered during clock configuration (crystal startup error,
ARM GAS  C:\Users\HENRYK~1\AppData\Local\Temp\ccW0NIPv.s 			page 3


  91:.\Generated_Source\PSoC4/cyfitter_cfg.c **** *  PLL lock error, etc.), the system will end up here.  Unless reimplemented by
  92:.\Generated_Source\PSoC4/cyfitter_cfg.c **** *  the customer, this function will stop in an infinite loop.
  93:.\Generated_Source\PSoC4/cyfitter_cfg.c **** *
  94:.\Generated_Source\PSoC4/cyfitter_cfg.c **** * Parameters:
  95:.\Generated_Source\PSoC4/cyfitter_cfg.c **** *   void
  96:.\Generated_Source\PSoC4/cyfitter_cfg.c **** *
  97:.\Generated_Source\PSoC4/cyfitter_cfg.c **** * Return:
  98:.\Generated_Source\PSoC4/cyfitter_cfg.c **** *   void
  99:.\Generated_Source\PSoC4/cyfitter_cfg.c **** *
 100:.\Generated_Source\PSoC4/cyfitter_cfg.c **** *******************************************************************************/
 101:.\Generated_Source\PSoC4/cyfitter_cfg.c **** CY_CFG_UNUSED
 102:.\Generated_Source\PSoC4/cyfitter_cfg.c **** static void CyClockStartupError(uint8 errorCode);
 103:.\Generated_Source\PSoC4/cyfitter_cfg.c **** CY_CFG_UNUSED
 104:.\Generated_Source\PSoC4/cyfitter_cfg.c **** static void CyClockStartupError(uint8 errorCode)
 105:.\Generated_Source\PSoC4/cyfitter_cfg.c **** {
 106:.\Generated_Source\PSoC4/cyfitter_cfg.c ****     /* To remove the compiler warning if errorCode not used.                */
 107:.\Generated_Source\PSoC4/cyfitter_cfg.c ****     errorCode = errorCode;
 108:.\Generated_Source\PSoC4/cyfitter_cfg.c **** 
 109:.\Generated_Source\PSoC4/cyfitter_cfg.c ****     /* `#START CyClockStartupError` */
 110:.\Generated_Source\PSoC4/cyfitter_cfg.c **** 
 111:.\Generated_Source\PSoC4/cyfitter_cfg.c ****     /* If we have a clock startup error (bad MHz crystal, PLL lock, etc.),  */
 112:.\Generated_Source\PSoC4/cyfitter_cfg.c ****     /* we will end up here to allow the customer to implement something to  */
 113:.\Generated_Source\PSoC4/cyfitter_cfg.c ****     /* deal with the clock condition.                                       */
 114:.\Generated_Source\PSoC4/cyfitter_cfg.c **** 
 115:.\Generated_Source\PSoC4/cyfitter_cfg.c ****     /* `#END` */
 116:.\Generated_Source\PSoC4/cyfitter_cfg.c **** 
 117:.\Generated_Source\PSoC4/cyfitter_cfg.c ****     /* If nothing else, stop here since the clocks have not started         */
 118:.\Generated_Source\PSoC4/cyfitter_cfg.c ****     /* correctly.                                                           */
 119:.\Generated_Source\PSoC4/cyfitter_cfg.c ****     while(1) {}
 120:.\Generated_Source\PSoC4/cyfitter_cfg.c **** }
 121:.\Generated_Source\PSoC4/cyfitter_cfg.c **** #endif
 122:.\Generated_Source\PSoC4/cyfitter_cfg.c **** 
 123:.\Generated_Source\PSoC4/cyfitter_cfg.c **** 
 124:.\Generated_Source\PSoC4/cyfitter_cfg.c **** 
 125:.\Generated_Source\PSoC4/cyfitter_cfg.c **** /*******************************************************************************
 126:.\Generated_Source\PSoC4/cyfitter_cfg.c **** * Function Name: ClockSetup
 127:.\Generated_Source\PSoC4/cyfitter_cfg.c **** ********************************************************************************
 128:.\Generated_Source\PSoC4/cyfitter_cfg.c **** *
 129:.\Generated_Source\PSoC4/cyfitter_cfg.c **** * Summary:
 130:.\Generated_Source\PSoC4/cyfitter_cfg.c **** *   Performs the initialization of all of the clocks in the device based on the
 131:.\Generated_Source\PSoC4/cyfitter_cfg.c **** *   settings in the Clock tab of the DWR.  This includes enabling the requested
 132:.\Generated_Source\PSoC4/cyfitter_cfg.c **** *   clocks and setting the necessary dividers to produce the desired frequency. 
 133:.\Generated_Source\PSoC4/cyfitter_cfg.c **** *
 134:.\Generated_Source\PSoC4/cyfitter_cfg.c **** * Parameters:
 135:.\Generated_Source\PSoC4/cyfitter_cfg.c **** *   void
 136:.\Generated_Source\PSoC4/cyfitter_cfg.c **** *
 137:.\Generated_Source\PSoC4/cyfitter_cfg.c **** * Return:
 138:.\Generated_Source\PSoC4/cyfitter_cfg.c **** *   void
 139:.\Generated_Source\PSoC4/cyfitter_cfg.c **** *
 140:.\Generated_Source\PSoC4/cyfitter_cfg.c **** *******************************************************************************/
 141:.\Generated_Source\PSoC4/cyfitter_cfg.c **** static void ClockSetup(void);
 142:.\Generated_Source\PSoC4/cyfitter_cfg.c **** CY_CFG_SECTION
 143:.\Generated_Source\PSoC4/cyfitter_cfg.c **** static void ClockSetup(void)
 144:.\Generated_Source\PSoC4/cyfitter_cfg.c **** {
 145:.\Generated_Source\PSoC4/cyfitter_cfg.c **** 
 146:.\Generated_Source\PSoC4/cyfitter_cfg.c **** 	/* Set Flash Cycles based on max possible frequency in case a glitch occurs during ClockSetup(). *
 147:.\Generated_Source\PSoC4/cyfitter_cfg.c **** 	CY_SET_REG32((void CYXDATA *)(CYREG_CPUSS_FLASH_CTL), (0x0012u));
ARM GAS  C:\Users\HENRYK~1\AppData\Local\Temp\ccW0NIPv.s 			page 4


 148:.\Generated_Source\PSoC4/cyfitter_cfg.c **** 
 149:.\Generated_Source\PSoC4/cyfitter_cfg.c **** 	/* Start the WCO */
 150:.\Generated_Source\PSoC4/cyfitter_cfg.c **** 	CySysClkWcoStart();
 151:.\Generated_Source\PSoC4/cyfitter_cfg.c **** 	CyDelayCycles(12000000u); /* WCO may take up to 500ms to start */
 152:.\Generated_Source\PSoC4/cyfitter_cfg.c **** 	(void)CySysClkWcoSetPowerMode(CY_SYS_CLK_WCO_LPM);    /* Switch to the low power mode */
 153:.\Generated_Source\PSoC4/cyfitter_cfg.c **** 
 154:.\Generated_Source\PSoC4/cyfitter_cfg.c **** 	/* Setup and trim IMO based on desired frequency. */
 155:.\Generated_Source\PSoC4/cyfitter_cfg.c **** 	CySysClkWriteImoFreq(48u);
 156:.\Generated_Source\PSoC4/cyfitter_cfg.c **** 	/* CYDEV_CLK_ILO_CONFIG Starting address: CYDEV_CLK_ILO_CONFIG */
 157:.\Generated_Source\PSoC4/cyfitter_cfg.c **** 	CY_SET_XTND_REG32((void CYFAR *)(CYREG_CLK_ILO_CONFIG), 0x80000006u);
 158:.\Generated_Source\PSoC4/cyfitter_cfg.c **** 
 159:.\Generated_Source\PSoC4/cyfitter_cfg.c **** 	/* CYDEV_WDT_CONFIG Starting address: CYDEV_WDT_CONFIG */
 160:.\Generated_Source\PSoC4/cyfitter_cfg.c **** 	CY_SET_XTND_REG32((void CYFAR *)(CYREG_WDT_CONFIG), 0x40000000u);
 161:.\Generated_Source\PSoC4/cyfitter_cfg.c **** 
 162:.\Generated_Source\PSoC4/cyfitter_cfg.c **** 
 163:.\Generated_Source\PSoC4/cyfitter_cfg.c **** 	/* Enable fast start mode for XO */
 164:.\Generated_Source\PSoC4/cyfitter_cfg.c **** 	CY_SET_REG32((void*)CYREG_BLE_BLERD_BB_XO, CY_GET_REG32((void*)CYREG_BLE_BLERD_BB_XO) | (uint32)0x
 165:.\Generated_Source\PSoC4/cyfitter_cfg.c **** 	CY_SET_XTND_REG32((void CYFAR *)(CYREG_BLE_BLERD_BB_XO_CAPTRIM), 0x00003E2Du);
 166:.\Generated_Source\PSoC4/cyfitter_cfg.c **** 	/* Disable Crystal Stable Interrupt before enabling ECO */
 167:.\Generated_Source\PSoC4/cyfitter_cfg.c **** 	CY_SET_REG32((void*)CYREG_BLE_BLESS_LL_DSM_CTRL, CY_GET_REG32((void*)CYREG_BLE_BLESS_LL_DSM_CTRL) 
 168:.\Generated_Source\PSoC4/cyfitter_cfg.c **** 	/* Start the ECO and do not check status since it is not needed for HFCLK */
 169:.\Generated_Source\PSoC4/cyfitter_cfg.c **** 	(void)CySysClkEcoStart(2000u);
 170:.\Generated_Source\PSoC4/cyfitter_cfg.c **** 	CyDelayUs(1500u); /* Wait to stabalize */
 171:.\Generated_Source\PSoC4/cyfitter_cfg.c **** 
 172:.\Generated_Source\PSoC4/cyfitter_cfg.c **** 	/* Setup phase aligned clocks */
 173:.\Generated_Source\PSoC4/cyfitter_cfg.c **** 
 174:.\Generated_Source\PSoC4/cyfitter_cfg.c **** 	/* CYDEV_CLK_IMO_CONFIG Starting address: CYDEV_CLK_IMO_CONFIG */
 175:.\Generated_Source\PSoC4/cyfitter_cfg.c **** 	CY_SET_XTND_REG32((void CYFAR *)(CYREG_CLK_IMO_CONFIG), 0x80000000u);
 176:.\Generated_Source\PSoC4/cyfitter_cfg.c **** 
 177:.\Generated_Source\PSoC4/cyfitter_cfg.c **** 	/* CYDEV_CLK_SELECT Starting address: CYDEV_CLK_SELECT */
 178:.\Generated_Source\PSoC4/cyfitter_cfg.c **** 	CY_SET_XTND_REG32((void CYFAR *)(CYREG_CLK_SELECT), 0x00040000u);
 179:.\Generated_Source\PSoC4/cyfitter_cfg.c **** 
 180:.\Generated_Source\PSoC4/cyfitter_cfg.c **** 	CY_SET_XTND_REG32((void CYFAR *)(CYREG_WDT_CONFIG), 0x40000000u);
 181:.\Generated_Source\PSoC4/cyfitter_cfg.c **** }
 182:.\Generated_Source\PSoC4/cyfitter_cfg.c **** 
 183:.\Generated_Source\PSoC4/cyfitter_cfg.c **** 
 184:.\Generated_Source\PSoC4/cyfitter_cfg.c **** /* Analog API Functions */
 185:.\Generated_Source\PSoC4/cyfitter_cfg.c **** 
 186:.\Generated_Source\PSoC4/cyfitter_cfg.c **** 
 187:.\Generated_Source\PSoC4/cyfitter_cfg.c **** /*******************************************************************************
 188:.\Generated_Source\PSoC4/cyfitter_cfg.c **** * Function Name: AnalogSetDefault
 189:.\Generated_Source\PSoC4/cyfitter_cfg.c **** ********************************************************************************
 190:.\Generated_Source\PSoC4/cyfitter_cfg.c **** *
 191:.\Generated_Source\PSoC4/cyfitter_cfg.c **** * Summary:
 192:.\Generated_Source\PSoC4/cyfitter_cfg.c **** *  Sets up the analog portions of the chip to default values based on chip
 193:.\Generated_Source\PSoC4/cyfitter_cfg.c **** *  configuration options from the project.
 194:.\Generated_Source\PSoC4/cyfitter_cfg.c **** *
 195:.\Generated_Source\PSoC4/cyfitter_cfg.c **** * Parameters:
 196:.\Generated_Source\PSoC4/cyfitter_cfg.c **** *  void
 197:.\Generated_Source\PSoC4/cyfitter_cfg.c **** *
 198:.\Generated_Source\PSoC4/cyfitter_cfg.c **** * Return:
 199:.\Generated_Source\PSoC4/cyfitter_cfg.c **** *  void
 200:.\Generated_Source\PSoC4/cyfitter_cfg.c **** *
 201:.\Generated_Source\PSoC4/cyfitter_cfg.c **** *******************************************************************************/
 202:.\Generated_Source\PSoC4/cyfitter_cfg.c **** static void AnalogSetDefault(void);
 203:.\Generated_Source\PSoC4/cyfitter_cfg.c **** static void AnalogSetDefault(void)
 204:.\Generated_Source\PSoC4/cyfitter_cfg.c **** {
ARM GAS  C:\Users\HENRYK~1\AppData\Local\Temp\ccW0NIPv.s 			page 5


  25              		.loc 1 204 0
  26              		.cfi_startproc
 205:.\Generated_Source\PSoC4/cyfitter_cfg.c **** 	CY_SET_XTND_REG32((void CYFAR *)CYREG_CTBM0_DFT_CTRL, 0x00000003u);
  27              		.loc 1 205 0
  28 0000 0323     		mov	r3, #3
  29 0002 044A     		ldr	r2, .L2
  30 0004 1360     		str	r3, [r2]
 206:.\Generated_Source\PSoC4/cyfitter_cfg.c **** 	CY_SET_XTND_REG32((void CYFAR *)CYREG_CTBM1_DFT_CTRL, 0x00000003u);
  31              		.loc 1 206 0
  32 0006 044A     		ldr	r2, .L2+4
  33 0008 1360     		str	r3, [r2]
 207:.\Generated_Source\PSoC4/cyfitter_cfg.c **** 	CY_SET_XTND_REG32((void CYFAR *)CYREG_PASS_DSAB_DSAB_CTRL, 0x00000000u);
  34              		.loc 1 207 0
  35 000a 0022     		mov	r2, #0
  36 000c 034B     		ldr	r3, .L2+8
  37 000e 1A60     		str	r2, [r3]
 208:.\Generated_Source\PSoC4/cyfitter_cfg.c **** }
  38              		.loc 1 208 0
  39              		@ sp needed
  40 0010 7047     		bx	lr
  41              	.L3:
  42 0012 C046     		.align	2
  43              	.L2:
  44 0014 30003040 		.word	1076887600
  45 0018 30003140 		.word	1076953136
  46 001c 000E3F40 		.word	1077874176
  47              		.cfi_endproc
  48              	.LFE6:
  49              		.size	AnalogSetDefault, .-AnalogSetDefault
  50              		.section	.text.CYMEMZERO,"ax",%progbits
  51              		.align	2
  52              		.code	16
  53              		.thumb_func
  54              		.type	CYMEMZERO, %function
  55              	CYMEMZERO:
  56              	.LFB2:
  59:.\Generated_Source\PSoC4/cyfitter_cfg.c **** 	(void)memset(s, 0, n);
  57              		.loc 1 59 0
  58              		.cfi_startproc
  59              	.LVL0:
  60 0000 08B5     		push	{r3, lr}
  61              		.cfi_def_cfa_offset 8
  62              		.cfi_offset 3, -8
  63              		.cfi_offset 14, -4
  64 0002 0A1C     		mov	r2, r1
  60:.\Generated_Source\PSoC4/cyfitter_cfg.c **** }
  65              		.loc 1 60 0
  66 0004 0021     		mov	r1, #0
  67              	.LVL1:
  68 0006 FFF7FEFF 		bl	memset
  69              	.LVL2:
  61:.\Generated_Source\PSoC4/cyfitter_cfg.c **** CY_CFG_UNUSED
  70              		.loc 1 61 0
  71              		@ sp needed
  72 000a 08BD     		pop	{r3, pc}
  73              		.cfi_endproc
  74              	.LFE2:
ARM GAS  C:\Users\HENRYK~1\AppData\Local\Temp\ccW0NIPv.s 			page 6


  75              		.size	CYMEMZERO, .-CYMEMZERO
  76              		.section	.psocinit,"ax",%progbits
  77              		.align	2
  78              		.code	16
  79              		.thumb_func
  80              		.type	ClockSetup, %function
  81              	ClockSetup:
  82              	.LFB5:
 144:.\Generated_Source\PSoC4/cyfitter_cfg.c **** 
  83              		.loc 1 144 0
  84              		.cfi_startproc
  85 0000 38B5     		push	{r3, r4, r5, lr}
  86              		.cfi_def_cfa_offset 16
  87              		.cfi_offset 3, -16
  88              		.cfi_offset 4, -12
  89              		.cfi_offset 5, -8
  90              		.cfi_offset 14, -4
 147:.\Generated_Source\PSoC4/cyfitter_cfg.c **** 
  91              		.loc 1 147 0
  92 0002 1222     		mov	r2, #18
  93 0004 184B     		ldr	r3, .L6
  94 0006 1A60     		str	r2, [r3]
 150:.\Generated_Source\PSoC4/cyfitter_cfg.c **** 	CyDelayCycles(12000000u); /* WCO may take up to 500ms to start */
  95              		.loc 1 150 0
  96 0008 FFF7FEFF 		bl	CySysClkWcoStart
  97              	.LVL3:
 151:.\Generated_Source\PSoC4/cyfitter_cfg.c **** 	(void)CySysClkWcoSetPowerMode(CY_SYS_CLK_WCO_LPM);    /* Switch to the low power mode */
  98              		.loc 1 151 0
  99 000c 1748     		ldr	r0, .L6+4
 100 000e FFF7FEFF 		bl	CyDelayCycles
 101              	.LVL4:
 152:.\Generated_Source\PSoC4/cyfitter_cfg.c **** 
 102              		.loc 1 152 0
 103 0012 0120     		mov	r0, #1
 104 0014 FFF7FEFF 		bl	CySysClkWcoSetPowerMode
 105              	.LVL5:
 155:.\Generated_Source\PSoC4/cyfitter_cfg.c **** 	/* CYDEV_CLK_ILO_CONFIG Starting address: CYDEV_CLK_ILO_CONFIG */
 106              		.loc 1 155 0
 107 0018 3020     		mov	r0, #48
 108 001a FFF7FEFF 		bl	CySysClkWriteImoFreq
 109              	.LVL6:
 157:.\Generated_Source\PSoC4/cyfitter_cfg.c **** 
 110              		.loc 1 157 0
 111 001e 144A     		ldr	r2, .L6+8
 112 0020 144B     		ldr	r3, .L6+12
 113 0022 1A60     		str	r2, [r3]
 160:.\Generated_Source\PSoC4/cyfitter_cfg.c **** 
 114              		.loc 1 160 0
 115 0024 144C     		ldr	r4, .L6+16
 116 0026 8025     		mov	r5, #128
 117 0028 ED05     		lsl	r5, r5, #23
 118 002a 2560     		str	r5, [r4]
 164:.\Generated_Source\PSoC4/cyfitter_cfg.c **** 	CY_SET_XTND_REG32((void CYFAR *)(CYREG_BLE_BLERD_BB_XO_CAPTRIM), 0x00003E2Du);
 119              		.loc 1 164 0
 120 002c 134A     		ldr	r2, .L6+20
 121 002e 1168     		ldr	r1, [r2]
 122 0030 0223     		mov	r3, #2
ARM GAS  C:\Users\HENRYK~1\AppData\Local\Temp\ccW0NIPv.s 			page 7


 123 0032 0B43     		orr	r3, r1
 124 0034 1360     		str	r3, [r2]
 165:.\Generated_Source\PSoC4/cyfitter_cfg.c **** 	/* Disable Crystal Stable Interrupt before enabling ECO */
 125              		.loc 1 165 0
 126 0036 124A     		ldr	r2, .L6+24
 127 0038 124B     		ldr	r3, .L6+28
 128 003a 1A60     		str	r2, [r3]
 167:.\Generated_Source\PSoC4/cyfitter_cfg.c **** 	/* Start the ECO and do not check status since it is not needed for HFCLK */
 129              		.loc 1 167 0
 130 003c 124A     		ldr	r2, .L6+32
 131 003e 1368     		ldr	r3, [r2]
 132 0040 0821     		mov	r1, #8
 133 0042 8B43     		bic	r3, r1
 134 0044 1360     		str	r3, [r2]
 169:.\Generated_Source\PSoC4/cyfitter_cfg.c **** 	CyDelayUs(1500u); /* Wait to stabalize */
 135              		.loc 1 169 0
 136 0046 FA20     		mov	r0, #250
 137 0048 C000     		lsl	r0, r0, #3
 138 004a FFF7FEFF 		bl	CySysClkEcoStart
 139              	.LVL7:
 170:.\Generated_Source\PSoC4/cyfitter_cfg.c **** 
 140              		.loc 1 170 0
 141 004e 0F48     		ldr	r0, .L6+36
 142 0050 FFF7FEFF 		bl	CyDelayUs
 143              	.LVL8:
 175:.\Generated_Source\PSoC4/cyfitter_cfg.c **** 
 144              		.loc 1 175 0
 145 0054 8022     		mov	r2, #128
 146 0056 1206     		lsl	r2, r2, #24
 147 0058 0D4B     		ldr	r3, .L6+40
 148 005a 1A60     		str	r2, [r3]
 178:.\Generated_Source\PSoC4/cyfitter_cfg.c **** 
 149              		.loc 1 178 0
 150 005c 8022     		mov	r2, #128
 151 005e D202     		lsl	r2, r2, #11
 152 0060 0C4B     		ldr	r3, .L6+44
 153 0062 1A60     		str	r2, [r3]
 180:.\Generated_Source\PSoC4/cyfitter_cfg.c **** }
 154              		.loc 1 180 0
 155 0064 2560     		str	r5, [r4]
 181:.\Generated_Source\PSoC4/cyfitter_cfg.c **** 
 156              		.loc 1 181 0
 157              		@ sp needed
 158 0066 38BD     		pop	{r3, r4, r5, pc}
 159              	.L7:
 160              		.align	2
 161              	.L6:
 162 0068 30001040 		.word	1074790448
 163 006c 001BB700 		.word	12000000
 164 0070 06000080 		.word	-2147483642
 165 0074 04010B40 		.word	1074462980
 166 0078 0C020B40 		.word	1074463244
 167 007c 78002E40 		.word	1076756600
 168 0080 2D3E0000 		.word	15917
 169 0084 7C002E40 		.word	1076756604
 170 0088 6CF02E40 		.word	1076818028
 171 008c DC050000 		.word	1500
ARM GAS  C:\Users\HENRYK~1\AppData\Local\Temp\ccW0NIPv.s 			page 8


 172 0090 08010B40 		.word	1074462984
 173 0094 00010B40 		.word	1074462976
 174              		.cfi_endproc
 175              	.LFE5:
 176              		.size	ClockSetup, .-ClockSetup
 177              		.align	2
 178              		.global	cyfitter_cfg
 179              		.code	16
 180              		.thumb_func
 181              		.type	cyfitter_cfg, %function
 182              	cyfitter_cfg:
 183              	.LFB7:
 209:.\Generated_Source\PSoC4/cyfitter_cfg.c **** 
 210:.\Generated_Source\PSoC4/cyfitter_cfg.c **** #define CY_AMUX_UNUSED CYREG_CM0_ROM_DWT
 211:.\Generated_Source\PSoC4/cyfitter_cfg.c **** 
 212:.\Generated_Source\PSoC4/cyfitter_cfg.c **** 
 213:.\Generated_Source\PSoC4/cyfitter_cfg.c **** /*******************************************************************************
 214:.\Generated_Source\PSoC4/cyfitter_cfg.c **** * Function Name: cyfitter_cfg
 215:.\Generated_Source\PSoC4/cyfitter_cfg.c **** ********************************************************************************
 216:.\Generated_Source\PSoC4/cyfitter_cfg.c **** * Summary:
 217:.\Generated_Source\PSoC4/cyfitter_cfg.c **** *  This function is called by the start-up code for the selected device. It
 218:.\Generated_Source\PSoC4/cyfitter_cfg.c **** *  performs all of the necessary device configuration based on the design
 219:.\Generated_Source\PSoC4/cyfitter_cfg.c **** *  settings.  This includes settings from the Design Wide Resources (DWR) such
 220:.\Generated_Source\PSoC4/cyfitter_cfg.c **** *  as Clocks and Pins as well as any component configuration that is necessary.
 221:.\Generated_Source\PSoC4/cyfitter_cfg.c **** *
 222:.\Generated_Source\PSoC4/cyfitter_cfg.c **** * Parameters:  
 223:.\Generated_Source\PSoC4/cyfitter_cfg.c **** *   void
 224:.\Generated_Source\PSoC4/cyfitter_cfg.c **** *
 225:.\Generated_Source\PSoC4/cyfitter_cfg.c **** * Return:
 226:.\Generated_Source\PSoC4/cyfitter_cfg.c **** *   void
 227:.\Generated_Source\PSoC4/cyfitter_cfg.c **** *
 228:.\Generated_Source\PSoC4/cyfitter_cfg.c **** *******************************************************************************/
 229:.\Generated_Source\PSoC4/cyfitter_cfg.c **** CY_CFG_SECTION
 230:.\Generated_Source\PSoC4/cyfitter_cfg.c **** void cyfitter_cfg(void)
 231:.\Generated_Source\PSoC4/cyfitter_cfg.c **** {
 184              		.loc 1 231 0
 185              		.cfi_startproc
 186 0098 10B5     		push	{r4, lr}
 187              		.cfi_def_cfa_offset 8
 188              		.cfi_offset 4, -8
 189              		.cfi_offset 14, -4
 232:.\Generated_Source\PSoC4/cyfitter_cfg.c **** 	/* Disable interrupts by default. Let user enable if/when they want. */
 233:.\Generated_Source\PSoC4/cyfitter_cfg.c **** 	CyGlobalIntDisable;
 190              		.loc 1 233 0
 191              	@ 233 ".\Generated_Source\PSoC4\cyfitter_cfg.c" 1
 192 009a 72B6     		CPSID   i
 193              	@ 0 "" 2
 234:.\Generated_Source\PSoC4/cyfitter_cfg.c **** 
 235:.\Generated_Source\PSoC4/cyfitter_cfg.c **** 	CY_SET_XTND_REG32((void CYFAR *)(CYREG_BLE_BLESS_LL_DSM_CTRL), 0x00000000u);
 194              		.loc 1 235 0
 195              		.code	16
 196 009c 0022     		mov	r2, #0
 197 009e 274B     		ldr	r3, .L11
 198 00a0 1A60     		str	r2, [r3]
 199              	.LVL9:
 200              	.LBB2:
 236:.\Generated_Source\PSoC4/cyfitter_cfg.c **** 
ARM GAS  C:\Users\HENRYK~1\AppData\Local\Temp\ccW0NIPv.s 			page 9


 237:.\Generated_Source\PSoC4/cyfitter_cfg.c **** 	{
 238:.\Generated_Source\PSoC4/cyfitter_cfg.c **** 
 239:.\Generated_Source\PSoC4/cyfitter_cfg.c **** 		CYPACKED typedef struct {
 240:.\Generated_Source\PSoC4/cyfitter_cfg.c **** 			void CYFAR *address;
 241:.\Generated_Source\PSoC4/cyfitter_cfg.c **** 			uint16 size;
 242:.\Generated_Source\PSoC4/cyfitter_cfg.c **** 		} CYPACKED_ATTR cfg_memset_t;
 243:.\Generated_Source\PSoC4/cyfitter_cfg.c **** 
 244:.\Generated_Source\PSoC4/cyfitter_cfg.c **** 		static const cfg_memset_t CYCODE cfg_memset_list [] = {
 245:.\Generated_Source\PSoC4/cyfitter_cfg.c **** 			/* address, size */
 246:.\Generated_Source\PSoC4/cyfitter_cfg.c **** 			{(void CYFAR *)(CYDEV_UDB_P0_U0_BASE), 1024u},
 247:.\Generated_Source\PSoC4/cyfitter_cfg.c **** 			{(void CYFAR *)(CYDEV_UDB_DSI0_BASE), 1024u},
 248:.\Generated_Source\PSoC4/cyfitter_cfg.c **** 		};
 249:.\Generated_Source\PSoC4/cyfitter_cfg.c **** 
 250:.\Generated_Source\PSoC4/cyfitter_cfg.c **** 		uint8 CYDATA i;
 251:.\Generated_Source\PSoC4/cyfitter_cfg.c **** 
 252:.\Generated_Source\PSoC4/cyfitter_cfg.c **** 		/* Zero out critical memory blocks before beginning configuration */
 253:.\Generated_Source\PSoC4/cyfitter_cfg.c **** 		for (i = 0u; i < (sizeof(cfg_memset_list)/sizeof(cfg_memset_list[0])); i++)
 201              		.loc 1 253 0
 202 00a2 0024     		mov	r4, #0
 203 00a4 10E0     		b	.L9
 204              	.LVL10:
 205              	.L10:
 206              	.LBB3:
 254:.\Generated_Source\PSoC4/cyfitter_cfg.c **** 		{
 255:.\Generated_Source\PSoC4/cyfitter_cfg.c **** 			const cfg_memset_t CYCODE * CYDATA ms = &cfg_memset_list[i];
 256:.\Generated_Source\PSoC4/cyfitter_cfg.c **** 			CYMEMZERO(ms->address, (size_t)(uint32)(ms->size));
 207              		.loc 1 256 0 discriminator 3
 208 00a6 2648     		ldr	r0, .L11+4
 209 00a8 6300     		lsl	r3, r4, #1
 210 00aa 1A19     		add	r2, r3, r4
 211 00ac 5200     		lsl	r2, r2, #1
 212 00ae 8218     		add	r2, r0, r2
 213 00b0 9188     		ldrh	r1, [r2, #4]
 214 00b2 1B19     		add	r3, r3, r4
 215 00b4 5B00     		lsl	r3, r3, #1
 216 00b6 1A5A     		ldrh	r2, [r3, r0]
 217 00b8 C318     		add	r3, r0, r3
 218 00ba 5888     		ldrh	r0, [r3, #2]
 219 00bc 0004     		lsl	r0, r0, #16
 220 00be 1043     		orr	r0, r2
 221 00c0 FFF7FEFF 		bl	CYMEMZERO
 222              	.LVL11:
 223              	.LBE3:
 253:.\Generated_Source\PSoC4/cyfitter_cfg.c **** 		{
 224              		.loc 1 253 0 discriminator 3
 225 00c4 0134     		add	r4, r4, #1
 226              	.LVL12:
 227 00c6 E4B2     		uxtb	r4, r4
 228              	.LVL13:
 229              	.L9:
 253:.\Generated_Source\PSoC4/cyfitter_cfg.c **** 		{
 230              		.loc 1 253 0 is_stmt 0 discriminator 1
 231 00c8 012C     		cmp	r4, #1
 232 00ca ECD9     		bls	.L10
 257:.\Generated_Source\PSoC4/cyfitter_cfg.c **** 		}
 258:.\Generated_Source\PSoC4/cyfitter_cfg.c **** 
 259:.\Generated_Source\PSoC4/cyfitter_cfg.c **** 		/* HSIOM Starting address: CYDEV_HSIOM_BASE */
ARM GAS  C:\Users\HENRYK~1\AppData\Local\Temp\ccW0NIPv.s 			page 10


 260:.\Generated_Source\PSoC4/cyfitter_cfg.c **** 		CY_SET_XTND_REG32((void CYFAR *)(CYDEV_HSIOM_BASE), 0xEE000000u);
 233              		.loc 1 260 0 is_stmt 1
 234 00cc EE22     		mov	r2, #238
 235 00ce 1206     		lsl	r2, r2, #24
 236 00d0 1C4B     		ldr	r3, .L11+8
 237 00d2 1A60     		str	r2, [r3]
 261:.\Generated_Source\PSoC4/cyfitter_cfg.c **** 
 262:.\Generated_Source\PSoC4/cyfitter_cfg.c **** 		/* UDB_PA_0 Starting address: CYDEV_UDB_PA0_BASE */
 263:.\Generated_Source\PSoC4/cyfitter_cfg.c **** 		CY_SET_XTND_REG32((void CYFAR *)(CYDEV_UDB_PA0_BASE), 0x00990000u);
 238              		.loc 1 263 0
 239 00d4 9923     		mov	r3, #153
 240 00d6 1B04     		lsl	r3, r3, #16
 241 00d8 1B4A     		ldr	r2, .L11+12
 242 00da 1360     		str	r3, [r2]
 264:.\Generated_Source\PSoC4/cyfitter_cfg.c **** 
 265:.\Generated_Source\PSoC4/cyfitter_cfg.c **** 		/* UDB_PA_2 Starting address: CYDEV_UDB_PA2_BASE */
 266:.\Generated_Source\PSoC4/cyfitter_cfg.c **** 		CY_SET_XTND_REG32((void CYFAR *)(CYDEV_UDB_PA2_BASE), 0x00990000u);
 243              		.loc 1 266 0
 244 00dc 1B4A     		ldr	r2, .L11+16
 245 00de 1360     		str	r3, [r2]
 267:.\Generated_Source\PSoC4/cyfitter_cfg.c **** 
 268:.\Generated_Source\PSoC4/cyfitter_cfg.c **** 		/* UDB_PA_3 Starting address: CYDEV_UDB_PA3_BASE */
 269:.\Generated_Source\PSoC4/cyfitter_cfg.c **** 		CY_SET_XTND_REG32((void CYFAR *)(CYDEV_UDB_PA3_BASE), 0x00990000u);
 246              		.loc 1 269 0
 247 00e0 1B4A     		ldr	r2, .L11+20
 248 00e2 1360     		str	r3, [r2]
 270:.\Generated_Source\PSoC4/cyfitter_cfg.c **** 
 271:.\Generated_Source\PSoC4/cyfitter_cfg.c **** 		/* Enable digital routing */
 272:.\Generated_Source\PSoC4/cyfitter_cfg.c **** 		CY_SET_XTND_REG8((void *)CYREG_UDB_UDBIF_BANK_CTL, CY_GET_XTND_REG8((void *)CYREG_UDB_UDBIF_BANK_
 249              		.loc 1 272 0
 250 00e4 1B4B     		ldr	r3, .L11+24
 251 00e6 1978     		ldrb	r1, [r3]
 252 00e8 0222     		mov	r2, #2
 253 00ea 0A43     		orr	r2, r1
 254 00ec 1A70     		strb	r2, [r3]
 273:.\Generated_Source\PSoC4/cyfitter_cfg.c **** 
 274:.\Generated_Source\PSoC4/cyfitter_cfg.c **** 		/* Enable UDB array */
 275:.\Generated_Source\PSoC4/cyfitter_cfg.c **** 		CY_SET_XTND_REG8((void *)CYREG_UDB_UDBIF_WAIT_CFG, (uint8)((CY_GET_XTND_REG8((void *)CYREG_UDB_UD
 255              		.loc 1 275 0
 256 00ee 1A48     		ldr	r0, .L11+28
 257 00f0 0278     		ldrb	r2, [r0]
 258 00f2 3C21     		mov	r1, #60
 259 00f4 8A43     		bic	r2, r1
 260 00f6 2839     		sub	r1, r1, #40
 261 00f8 0A43     		orr	r2, r1
 262 00fa 0270     		strb	r2, [r0]
 276:.\Generated_Source\PSoC4/cyfitter_cfg.c **** 		CY_SET_XTND_REG8((void *)CYREG_UDB_UDBIF_BANK_CTL, (uint8)(CY_GET_XTND_REG8((void *)CYREG_UDB_UDB
 263              		.loc 1 276 0
 264 00fc 1978     		ldrb	r1, [r3]
 265 00fe 1622     		mov	r2, #22
 266 0100 0A43     		orr	r2, r1
 267 0102 1A70     		strb	r2, [r3]
 268              	.LBE2:
 277:.\Generated_Source\PSoC4/cyfitter_cfg.c **** 	}
 278:.\Generated_Source\PSoC4/cyfitter_cfg.c **** 
 279:.\Generated_Source\PSoC4/cyfitter_cfg.c **** 	/* Perform second pass device configuration. These items must be configured in specific order afte
 280:.\Generated_Source\PSoC4/cyfitter_cfg.c **** 	/* IOPINS0_0 Starting address: CYDEV_GPIO_PRT0_BASE */
ARM GAS  C:\Users\HENRYK~1\AppData\Local\Temp\ccW0NIPv.s 			page 11


 281:.\Generated_Source\PSoC4/cyfitter_cfg.c **** 	CY_SET_XTND_REG32((void CYFAR *)(CYREG_GPIO_PRT0_PC), 0x00D80000u);
 269              		.loc 1 281 0
 270 0104 D822     		mov	r2, #216
 271 0106 1204     		lsl	r2, r2, #16
 272 0108 144B     		ldr	r3, .L11+32
 273 010a 1A60     		str	r2, [r3]
 282:.\Generated_Source\PSoC4/cyfitter_cfg.c **** 
 283:.\Generated_Source\PSoC4/cyfitter_cfg.c **** 	/* IOPINS0_2 Starting address: CYDEV_GPIO_PRT2_BASE */
 284:.\Generated_Source\PSoC4/cyfitter_cfg.c **** 	CY_SET_XTND_REG32((void CYFAR *)(CYDEV_GPIO_PRT2_BASE), 0x000000C0u);
 274              		.loc 1 284 0
 275 010c C022     		mov	r2, #192
 276 010e 144B     		ldr	r3, .L11+36
 277 0110 1A60     		str	r2, [r3]
 285:.\Generated_Source\PSoC4/cyfitter_cfg.c **** 	CY_SET_XTND_REG32((void CYFAR *)(CYREG_GPIO_PRT2_PC), 0x00580000u);
 278              		.loc 1 285 0
 279 0112 B022     		mov	r2, #176
 280 0114 D203     		lsl	r2, r2, #15
 281 0116 134B     		ldr	r3, .L11+40
 282 0118 1A60     		str	r2, [r3]
 286:.\Generated_Source\PSoC4/cyfitter_cfg.c **** 	CY_SET_XTND_REG32((void CYFAR *)(CYREG_GPIO_PRT2_INTR_CFG), 0x00008000u);
 283              		.loc 1 286 0
 284 011a 8022     		mov	r2, #128
 285 011c 1202     		lsl	r2, r2, #8
 286 011e 124B     		ldr	r3, .L11+44
 287 0120 1A60     		str	r2, [r3]
 287:.\Generated_Source\PSoC4/cyfitter_cfg.c **** 
 288:.\Generated_Source\PSoC4/cyfitter_cfg.c **** 	/* IOPINS0_3 Starting address: CYDEV_GPIO_PRT3_BASE */
 289:.\Generated_Source\PSoC4/cyfitter_cfg.c **** 	CY_SET_XTND_REG32((void CYFAR *)(CYDEV_GPIO_PRT3_BASE), 0x00000040u);
 288              		.loc 1 289 0
 289 0122 4022     		mov	r2, #64
 290 0124 114B     		ldr	r3, .L11+48
 291 0126 1A60     		str	r2, [r3]
 290:.\Generated_Source\PSoC4/cyfitter_cfg.c **** 	CY_SET_XTND_REG32((void CYFAR *)(CYREG_GPIO_PRT3_PC), 0x00180000u);
 292              		.loc 1 290 0
 293 0128 C022     		mov	r2, #192
 294 012a 5203     		lsl	r2, r2, #13
 295 012c 104B     		ldr	r3, .L11+52
 296 012e 1A60     		str	r2, [r3]
 291:.\Generated_Source\PSoC4/cyfitter_cfg.c **** 
 292:.\Generated_Source\PSoC4/cyfitter_cfg.c **** 	/* Setup clocks based on selections from Clock DWR */
 293:.\Generated_Source\PSoC4/cyfitter_cfg.c **** 	ClockSetup();
 297              		.loc 1 293 0
 298 0130 FFF766FF 		bl	ClockSetup
 299              	.LVL14:
 294:.\Generated_Source\PSoC4/cyfitter_cfg.c **** 
 295:.\Generated_Source\PSoC4/cyfitter_cfg.c **** 	/* Perform basic analog initialization to defaults */
 296:.\Generated_Source\PSoC4/cyfitter_cfg.c **** 	AnalogSetDefault();
 300              		.loc 1 296 0
 301 0134 FFF7FEFF 		bl	AnalogSetDefault
 302              	.LVL15:
 297:.\Generated_Source\PSoC4/cyfitter_cfg.c **** 
 298:.\Generated_Source\PSoC4/cyfitter_cfg.c **** }
 303              		.loc 1 298 0
 304              		@ sp needed
 305              	.LVL16:
 306 0138 10BD     		pop	{r4, pc}
 307              	.L12:
ARM GAS  C:\Users\HENRYK~1\AppData\Local\Temp\ccW0NIPv.s 			page 12


 308 013a C046     		.align	2
 309              	.L11:
 310 013c 6CF02E40 		.word	1076818028
 311 0140 00000000 		.word	.LANCHOR0
 312 0144 00000240 		.word	1073872896
 313 0148 00500F40 		.word	1074745344
 314 014c 20500F40 		.word	1074745376
 315 0150 30500F40 		.word	1074745392
 316 0154 00700F40 		.word	1074753536
 317 0158 01700F40 		.word	1074753537
 318 015c 08000440 		.word	1074003976
 319 0160 00020440 		.word	1074004480
 320 0164 08020440 		.word	1074004488
 321 0168 0C020440 		.word	1074004492
 322 016c 00030440 		.word	1074004736
 323 0170 08030440 		.word	1074004744
 324              		.cfi_endproc
 325              	.LFE7:
 326              		.size	cyfitter_cfg, .-cyfitter_cfg
 327              		.section	.rodata
 328              		.align	2
 329              		.set	.LANCHOR0,. + 0
 330              		.type	cfg_memset_list.4742, %object
 331              		.size	cfg_memset_list.4742, 12
 332              	cfg_memset_list.4742:
 333 0000 00300F40 		.word	1074737152
 334 0004 0004     		.short	1024
 335 0006 00400F40 		.4byte	1074741248
 336 000a 0004     		.short	1024
 337              		.text
 338              	.Letext0:
 339              		.file 2 "c:\\program files (x86)\\cypress\\psoc creator\\3.3\\psoc creator\\import\\gnu\\arm\\4.9.
 340              		.file 3 ".\\Generated_Source\\PSoC4\\cytypes.h"
 341              		.file 4 ".\\Generated_Source\\PSoC4\\CyLib.h"
 342              		.file 5 ".\\Generated_Source\\PSoC4\\CyLFClk.h"
 343              		.section	.debug_info,"",%progbits
 344              	.Ldebug_info0:
 345 0000 FF020000 		.4byte	0x2ff
 346 0004 0400     		.2byte	0x4
 347 0006 00000000 		.4byte	.Ldebug_abbrev0
 348 000a 04       		.byte	0x4
 349 000b 01       		.uleb128 0x1
 350 000c DA010000 		.4byte	.LASF31
 351 0010 01       		.byte	0x1
 352 0011 7B010000 		.4byte	.LASF32
 353 0015 82000000 		.4byte	.LASF33
 354 0019 00000000 		.4byte	.Ldebug_ranges0+0
 355 001d 00000000 		.4byte	0
 356 0021 00000000 		.4byte	.Ldebug_line0
 357 0025 02       		.uleb128 0x2
 358 0026 04       		.byte	0x4
 359 0027 05       		.byte	0x5
 360 0028 696E7400 		.ascii	"int\000"
 361 002c 03       		.uleb128 0x3
 362 002d 14000000 		.4byte	.LASF11
 363 0031 02       		.byte	0x2
 364 0032 D4       		.byte	0xd4
ARM GAS  C:\Users\HENRYK~1\AppData\Local\Temp\ccW0NIPv.s 			page 13


 365 0033 37000000 		.4byte	0x37
 366 0037 04       		.uleb128 0x4
 367 0038 04       		.byte	0x4
 368 0039 07       		.byte	0x7
 369 003a 42010000 		.4byte	.LASF0
 370 003e 04       		.uleb128 0x4
 371 003f 01       		.byte	0x1
 372 0040 06       		.byte	0x6
 373 0041 90020000 		.4byte	.LASF1
 374 0045 04       		.uleb128 0x4
 375 0046 01       		.byte	0x1
 376 0047 08       		.byte	0x8
 377 0048 02010000 		.4byte	.LASF2
 378 004c 04       		.uleb128 0x4
 379 004d 02       		.byte	0x2
 380 004e 05       		.byte	0x5
 381 004f 68020000 		.4byte	.LASF3
 382 0053 04       		.uleb128 0x4
 383 0054 02       		.byte	0x2
 384 0055 07       		.byte	0x7
 385 0056 47000000 		.4byte	.LASF4
 386 005a 04       		.uleb128 0x4
 387 005b 04       		.byte	0x4
 388 005c 05       		.byte	0x5
 389 005d 87020000 		.4byte	.LASF5
 390 0061 04       		.uleb128 0x4
 391 0062 04       		.byte	0x4
 392 0063 07       		.byte	0x7
 393 0064 CF000000 		.4byte	.LASF6
 394 0068 04       		.uleb128 0x4
 395 0069 08       		.byte	0x8
 396 006a 05       		.byte	0x5
 397 006b AC010000 		.4byte	.LASF7
 398 006f 04       		.uleb128 0x4
 399 0070 08       		.byte	0x8
 400 0071 07       		.byte	0x7
 401 0072 57010000 		.4byte	.LASF8
 402 0076 04       		.uleb128 0x4
 403 0077 04       		.byte	0x4
 404 0078 07       		.byte	0x7
 405 0079 A3010000 		.4byte	.LASF9
 406 007d 05       		.uleb128 0x5
 407 007e 04       		.byte	0x4
 408 007f 04       		.uleb128 0x4
 409 0080 01       		.byte	0x1
 410 0081 08       		.byte	0x8
 411 0082 C4010000 		.4byte	.LASF10
 412 0086 03       		.uleb128 0x3
 413 0087 E1000000 		.4byte	.LASF12
 414 008b 03       		.byte	0x3
 415 008c C2       		.byte	0xc2
 416 008d 45000000 		.4byte	0x45
 417 0091 03       		.uleb128 0x3
 418 0092 2B010000 		.4byte	.LASF13
 419 0096 03       		.byte	0x3
 420 0097 C3       		.byte	0xc3
 421 0098 53000000 		.4byte	0x53
ARM GAS  C:\Users\HENRYK~1\AppData\Local\Temp\ccW0NIPv.s 			page 14


 422 009c 03       		.uleb128 0x3
 423 009d 3B010000 		.4byte	.LASF14
 424 00a1 03       		.byte	0x3
 425 00a2 C4       		.byte	0xc4
 426 00a3 61000000 		.4byte	0x61
 427 00a7 04       		.uleb128 0x4
 428 00a8 04       		.byte	0x4
 429 00a9 04       		.byte	0x4
 430 00aa 5A000000 		.4byte	.LASF15
 431 00ae 04       		.uleb128 0x4
 432 00af 08       		.byte	0x8
 433 00b0 04       		.byte	0x4
 434 00b1 17010000 		.4byte	.LASF16
 435 00b5 06       		.uleb128 0x6
 436 00b6 32010000 		.4byte	.LASF17
 437 00ba 03       		.byte	0x3
 438 00bb 6401     		.2byte	0x164
 439 00bd 61000000 		.4byte	0x61
 440 00c1 06       		.uleb128 0x6
 441 00c2 7D000000 		.4byte	.LASF18
 442 00c6 03       		.byte	0x3
 443 00c7 6C01     		.2byte	0x16c
 444 00c9 CD000000 		.4byte	0xcd
 445 00cd 07       		.uleb128 0x7
 446 00ce 86000000 		.4byte	0x86
 447 00d2 06       		.uleb128 0x6
 448 00d3 0E000000 		.4byte	.LASF19
 449 00d7 03       		.byte	0x3
 450 00d8 6E01     		.2byte	0x16e
 451 00da DE000000 		.4byte	0xde
 452 00de 07       		.uleb128 0x7
 453 00df 9C000000 		.4byte	0x9c
 454 00e3 08       		.uleb128 0x8
 455 00e4 1B000000 		.4byte	.LASF34
 456 00e8 01       		.byte	0x1
 457 00e9 CB       		.byte	0xcb
 458 00ea 00000000 		.4byte	.LFB6
 459 00ee 20000000 		.4byte	.LFE6-.LFB6
 460 00f2 01       		.uleb128 0x1
 461 00f3 9C       		.byte	0x9c
 462 00f4 09       		.uleb128 0x9
 463 00f5 F8000000 		.4byte	.LASF20
 464 00f9 01       		.byte	0x1
 465 00fa 3A       		.byte	0x3a
 466 00fb 00000000 		.4byte	.LFB2
 467 00ff 0C000000 		.4byte	.LFE2-.LFB2
 468 0103 01       		.uleb128 0x1
 469 0104 9C       		.byte	0x9c
 470 0105 41010000 		.4byte	0x141
 471 0109 0A       		.uleb128 0xa
 472 010a 7300     		.ascii	"s\000"
 473 010c 01       		.byte	0x1
 474 010d 3A       		.byte	0x3a
 475 010e 7D000000 		.4byte	0x7d
 476 0112 00000000 		.4byte	.LLST0
 477 0116 0A       		.uleb128 0xa
 478 0117 6E00     		.ascii	"n\000"
ARM GAS  C:\Users\HENRYK~1\AppData\Local\Temp\ccW0NIPv.s 			page 15


 479 0119 01       		.byte	0x1
 480 011a 3A       		.byte	0x3a
 481 011b 2C000000 		.4byte	0x2c
 482 011f 21000000 		.4byte	.LLST1
 483 0123 0B       		.uleb128 0xb
 484 0124 0A000000 		.4byte	.LVL2
 485 0128 85020000 		.4byte	0x285
 486 012c 0C       		.uleb128 0xc
 487 012d 01       		.uleb128 0x1
 488 012e 52       		.byte	0x52
 489 012f 03       		.uleb128 0x3
 490 0130 F3       		.byte	0xf3
 491 0131 01       		.uleb128 0x1
 492 0132 51       		.byte	0x51
 493 0133 0C       		.uleb128 0xc
 494 0134 01       		.uleb128 0x1
 495 0135 51       		.byte	0x51
 496 0136 01       		.uleb128 0x1
 497 0137 30       		.byte	0x30
 498 0138 0C       		.uleb128 0xc
 499 0139 01       		.uleb128 0x1
 500 013a 50       		.byte	0x50
 501 013b 03       		.uleb128 0x3
 502 013c F3       		.byte	0xf3
 503 013d 01       		.uleb128 0x1
 504 013e 50       		.byte	0x50
 505 013f 00       		.byte	0
 506 0140 00       		.byte	0
 507 0141 09       		.uleb128 0x9
 508 0142 3C000000 		.4byte	.LASF21
 509 0146 01       		.byte	0x1
 510 0147 8F       		.byte	0x8f
 511 0148 00000000 		.4byte	.LFB5
 512 014c 98000000 		.4byte	.LFE5-.LFB5
 513 0150 01       		.uleb128 0x1
 514 0151 9C       		.byte	0x9c
 515 0152 C4010000 		.4byte	0x1c4
 516 0156 0D       		.uleb128 0xd
 517 0157 0C000000 		.4byte	.LVL3
 518 015b A2020000 		.4byte	0x2a2
 519 015f 0E       		.uleb128 0xe
 520 0160 12000000 		.4byte	.LVL4
 521 0164 A9020000 		.4byte	0x2a9
 522 0168 76010000 		.4byte	0x176
 523 016c 0C       		.uleb128 0xc
 524 016d 01       		.uleb128 0x1
 525 016e 50       		.byte	0x50
 526 016f 05       		.uleb128 0x5
 527 0170 0C       		.byte	0xc
 528 0171 001BB700 		.4byte	0xb71b00
 529 0175 00       		.byte	0
 530 0176 0E       		.uleb128 0xe
 531 0177 18000000 		.4byte	.LVL5
 532 017b BA020000 		.4byte	0x2ba
 533 017f 89010000 		.4byte	0x189
 534 0183 0C       		.uleb128 0xc
 535 0184 01       		.uleb128 0x1
ARM GAS  C:\Users\HENRYK~1\AppData\Local\Temp\ccW0NIPv.s 			page 16


 536 0185 50       		.byte	0x50
 537 0186 01       		.uleb128 0x1
 538 0187 31       		.byte	0x31
 539 0188 00       		.byte	0
 540 0189 0E       		.uleb128 0xe
 541 018a 1E000000 		.4byte	.LVL6
 542 018e CF020000 		.4byte	0x2cf
 543 0192 9D010000 		.4byte	0x19d
 544 0196 0C       		.uleb128 0xc
 545 0197 01       		.uleb128 0x1
 546 0198 50       		.byte	0x50
 547 0199 02       		.uleb128 0x2
 548 019a 08       		.byte	0x8
 549 019b 30       		.byte	0x30
 550 019c 00       		.byte	0
 551 019d 0E       		.uleb128 0xe
 552 019e 4E000000 		.4byte	.LVL7
 553 01a2 E0020000 		.4byte	0x2e0
 554 01a6 B2010000 		.4byte	0x1b2
 555 01aa 0C       		.uleb128 0xc
 556 01ab 01       		.uleb128 0x1
 557 01ac 50       		.byte	0x50
 558 01ad 03       		.uleb128 0x3
 559 01ae 0A       		.byte	0xa
 560 01af D007     		.2byte	0x7d0
 561 01b1 00       		.byte	0
 562 01b2 0B       		.uleb128 0xb
 563 01b3 54000000 		.4byte	.LVL8
 564 01b7 F5020000 		.4byte	0x2f5
 565 01bb 0C       		.uleb128 0xc
 566 01bc 01       		.uleb128 0x1
 567 01bd 50       		.byte	0x50
 568 01be 03       		.uleb128 0x3
 569 01bf 0A       		.byte	0xa
 570 01c0 DC05     		.2byte	0x5dc
 571 01c2 00       		.byte	0
 572 01c3 00       		.byte	0
 573 01c4 0F       		.uleb128 0xf
 574 01c5 1E010000 		.4byte	.LASF35
 575 01c9 01       		.byte	0x1
 576 01ca E6       		.byte	0xe6
 577 01cb 98000000 		.4byte	.LFB7
 578 01cf DC000000 		.4byte	.LFE7-.LFB7
 579 01d3 01       		.uleb128 0x1
 580 01d4 9C       		.byte	0x9c
 581 01d5 85020000 		.4byte	0x285
 582 01d9 10       		.uleb128 0x10
 583 01da A2000000 		.4byte	.LBB2
 584 01de 62000000 		.4byte	.LBE2-.LBB2
 585 01e2 72020000 		.4byte	0x272
 586 01e6 11       		.uleb128 0x11
 587 01e7 06       		.byte	0x6
 588 01e8 01       		.byte	0x1
 589 01e9 EF       		.byte	0xef
 590 01ea 07020000 		.4byte	0x207
 591 01ee 12       		.uleb128 0x12
 592 01ef 4F010000 		.4byte	.LASF22
ARM GAS  C:\Users\HENRYK~1\AppData\Local\Temp\ccW0NIPv.s 			page 17


 593 01f3 01       		.byte	0x1
 594 01f4 F0       		.byte	0xf0
 595 01f5 7D000000 		.4byte	0x7d
 596 01f9 00       		.byte	0
 597 01fa 12       		.uleb128 0x12
 598 01fb 60000000 		.4byte	.LASF23
 599 01ff 01       		.byte	0x1
 600 0200 F1       		.byte	0xf1
 601 0201 91000000 		.4byte	0x91
 602 0205 04       		.byte	0x4
 603 0206 00       		.byte	0
 604 0207 03       		.uleb128 0x3
 605 0208 6E010000 		.4byte	.LASF24
 606 020c 01       		.byte	0x1
 607 020d F2       		.byte	0xf2
 608 020e E6010000 		.4byte	0x1e6
 609 0212 13       		.uleb128 0x13
 610 0213 07020000 		.4byte	0x207
 611 0217 22020000 		.4byte	0x222
 612 021b 14       		.uleb128 0x14
 613 021c 76000000 		.4byte	0x76
 614 0220 01       		.byte	0x1
 615 0221 00       		.byte	0
 616 0222 15       		.uleb128 0x15
 617 0223 2C000000 		.4byte	.LASF25
 618 0227 01       		.byte	0x1
 619 0228 F4       		.byte	0xf4
 620 0229 33020000 		.4byte	0x233
 621 022d 05       		.uleb128 0x5
 622 022e 03       		.byte	0x3
 623 022f 00000000 		.4byte	cfg_memset_list.4742
 624 0233 16       		.uleb128 0x16
 625 0234 12020000 		.4byte	0x212
 626 0238 17       		.uleb128 0x17
 627 0239 6900     		.ascii	"i\000"
 628 023b 01       		.byte	0x1
 629 023c FA       		.byte	0xfa
 630 023d 86000000 		.4byte	0x86
 631 0241 4D000000 		.4byte	.LLST2
 632 0245 18       		.uleb128 0x18
 633 0246 A6000000 		.4byte	.LBB3
 634 024a 1E000000 		.4byte	.LBE3-.LBB3
 635 024e 17       		.uleb128 0x17
 636 024f 6D7300   		.ascii	"ms\000"
 637 0252 01       		.byte	0x1
 638 0253 FF       		.byte	0xff
 639 0254 5C020000 		.4byte	0x25c
 640 0258 77000000 		.4byte	.LLST3
 641 025c 19       		.uleb128 0x19
 642 025d 04       		.byte	0x4
 643 025e 62020000 		.4byte	0x262
 644 0262 16       		.uleb128 0x16
 645 0263 07020000 		.4byte	0x207
 646 0267 0D       		.uleb128 0xd
 647 0268 C4000000 		.4byte	.LVL11
 648 026c F4000000 		.4byte	0xf4
 649 0270 00       		.byte	0
ARM GAS  C:\Users\HENRYK~1\AppData\Local\Temp\ccW0NIPv.s 			page 18


 650 0271 00       		.byte	0
 651 0272 0D       		.uleb128 0xd
 652 0273 34010000 		.4byte	.LVL14
 653 0277 41010000 		.4byte	0x141
 654 027b 0D       		.uleb128 0xd
 655 027c 38010000 		.4byte	.LVL15
 656 0280 E3000000 		.4byte	0xe3
 657 0284 00       		.byte	0
 658 0285 1A       		.uleb128 0x1a
 659 0286 10010000 		.4byte	.LASF26
 660 028a 7D000000 		.4byte	0x7d
 661 028e A2020000 		.4byte	0x2a2
 662 0292 1B       		.uleb128 0x1b
 663 0293 7D000000 		.4byte	0x7d
 664 0297 1B       		.uleb128 0x1b
 665 0298 25000000 		.4byte	0x25
 666 029c 1B       		.uleb128 0x1b
 667 029d 76000000 		.4byte	0x76
 668 02a1 00       		.byte	0
 669 02a2 1C       		.uleb128 0x1c
 670 02a3 E7000000 		.4byte	.LASF36
 671 02a7 05       		.byte	0x5
 672 02a8 25       		.byte	0x25
 673 02a9 1D       		.uleb128 0x1d
 674 02aa 00000000 		.4byte	.LASF27
 675 02ae 04       		.byte	0x4
 676 02af 5A       		.byte	0x5a
 677 02b0 BA020000 		.4byte	0x2ba
 678 02b4 1B       		.uleb128 0x1b
 679 02b5 9C000000 		.4byte	0x9c
 680 02b9 00       		.byte	0
 681 02ba 1E       		.uleb128 0x1e
 682 02bb 65000000 		.4byte	.LASF29
 683 02bf 05       		.byte	0x5
 684 02c0 27       		.byte	0x27
 685 02c1 9C000000 		.4byte	0x9c
 686 02c5 CF020000 		.4byte	0x2cf
 687 02c9 1B       		.uleb128 0x1b
 688 02ca 9C000000 		.4byte	0x9c
 689 02ce 00       		.byte	0
 690 02cf 1D       		.uleb128 0x1d
 691 02d0 72020000 		.4byte	.LASF28
 692 02d4 04       		.byte	0x4
 693 02d5 31       		.byte	0x31
 694 02d6 E0020000 		.4byte	0x2e0
 695 02da 1B       		.uleb128 0x1b
 696 02db 9C000000 		.4byte	0x9c
 697 02df 00       		.byte	0
 698 02e0 1E       		.uleb128 0x1e
 699 02e1 C9010000 		.4byte	.LASF30
 700 02e5 04       		.byte	0x4
 701 02e6 84       		.byte	0x84
 702 02e7 B5000000 		.4byte	0xb5
 703 02eb F5020000 		.4byte	0x2f5
 704 02ef 1B       		.uleb128 0x1b
 705 02f0 9C000000 		.4byte	0x9c
 706 02f4 00       		.byte	0
ARM GAS  C:\Users\HENRYK~1\AppData\Local\Temp\ccW0NIPv.s 			page 19


 707 02f5 1F       		.uleb128 0x1f
 708 02f6 BA010000 		.4byte	.LASF37
 709 02fa 04       		.byte	0x4
 710 02fb 58       		.byte	0x58
 711 02fc 1B       		.uleb128 0x1b
 712 02fd 91000000 		.4byte	0x91
 713 0301 00       		.byte	0
 714 0302 00       		.byte	0
 715              		.section	.debug_abbrev,"",%progbits
 716              	.Ldebug_abbrev0:
 717 0000 01       		.uleb128 0x1
 718 0001 11       		.uleb128 0x11
 719 0002 01       		.byte	0x1
 720 0003 25       		.uleb128 0x25
 721 0004 0E       		.uleb128 0xe
 722 0005 13       		.uleb128 0x13
 723 0006 0B       		.uleb128 0xb
 724 0007 03       		.uleb128 0x3
 725 0008 0E       		.uleb128 0xe
 726 0009 1B       		.uleb128 0x1b
 727 000a 0E       		.uleb128 0xe
 728 000b 55       		.uleb128 0x55
 729 000c 17       		.uleb128 0x17
 730 000d 11       		.uleb128 0x11
 731 000e 01       		.uleb128 0x1
 732 000f 10       		.uleb128 0x10
 733 0010 17       		.uleb128 0x17
 734 0011 00       		.byte	0
 735 0012 00       		.byte	0
 736 0013 02       		.uleb128 0x2
 737 0014 24       		.uleb128 0x24
 738 0015 00       		.byte	0
 739 0016 0B       		.uleb128 0xb
 740 0017 0B       		.uleb128 0xb
 741 0018 3E       		.uleb128 0x3e
 742 0019 0B       		.uleb128 0xb
 743 001a 03       		.uleb128 0x3
 744 001b 08       		.uleb128 0x8
 745 001c 00       		.byte	0
 746 001d 00       		.byte	0
 747 001e 03       		.uleb128 0x3
 748 001f 16       		.uleb128 0x16
 749 0020 00       		.byte	0
 750 0021 03       		.uleb128 0x3
 751 0022 0E       		.uleb128 0xe
 752 0023 3A       		.uleb128 0x3a
 753 0024 0B       		.uleb128 0xb
 754 0025 3B       		.uleb128 0x3b
 755 0026 0B       		.uleb128 0xb
 756 0027 49       		.uleb128 0x49
 757 0028 13       		.uleb128 0x13
 758 0029 00       		.byte	0
 759 002a 00       		.byte	0
 760 002b 04       		.uleb128 0x4
 761 002c 24       		.uleb128 0x24
 762 002d 00       		.byte	0
 763 002e 0B       		.uleb128 0xb
ARM GAS  C:\Users\HENRYK~1\AppData\Local\Temp\ccW0NIPv.s 			page 20


 764 002f 0B       		.uleb128 0xb
 765 0030 3E       		.uleb128 0x3e
 766 0031 0B       		.uleb128 0xb
 767 0032 03       		.uleb128 0x3
 768 0033 0E       		.uleb128 0xe
 769 0034 00       		.byte	0
 770 0035 00       		.byte	0
 771 0036 05       		.uleb128 0x5
 772 0037 0F       		.uleb128 0xf
 773 0038 00       		.byte	0
 774 0039 0B       		.uleb128 0xb
 775 003a 0B       		.uleb128 0xb
 776 003b 00       		.byte	0
 777 003c 00       		.byte	0
 778 003d 06       		.uleb128 0x6
 779 003e 16       		.uleb128 0x16
 780 003f 00       		.byte	0
 781 0040 03       		.uleb128 0x3
 782 0041 0E       		.uleb128 0xe
 783 0042 3A       		.uleb128 0x3a
 784 0043 0B       		.uleb128 0xb
 785 0044 3B       		.uleb128 0x3b
 786 0045 05       		.uleb128 0x5
 787 0046 49       		.uleb128 0x49
 788 0047 13       		.uleb128 0x13
 789 0048 00       		.byte	0
 790 0049 00       		.byte	0
 791 004a 07       		.uleb128 0x7
 792 004b 35       		.uleb128 0x35
 793 004c 00       		.byte	0
 794 004d 49       		.uleb128 0x49
 795 004e 13       		.uleb128 0x13
 796 004f 00       		.byte	0
 797 0050 00       		.byte	0
 798 0051 08       		.uleb128 0x8
 799 0052 2E       		.uleb128 0x2e
 800 0053 00       		.byte	0
 801 0054 03       		.uleb128 0x3
 802 0055 0E       		.uleb128 0xe
 803 0056 3A       		.uleb128 0x3a
 804 0057 0B       		.uleb128 0xb
 805 0058 3B       		.uleb128 0x3b
 806 0059 0B       		.uleb128 0xb
 807 005a 27       		.uleb128 0x27
 808 005b 19       		.uleb128 0x19
 809 005c 11       		.uleb128 0x11
 810 005d 01       		.uleb128 0x1
 811 005e 12       		.uleb128 0x12
 812 005f 06       		.uleb128 0x6
 813 0060 40       		.uleb128 0x40
 814 0061 18       		.uleb128 0x18
 815 0062 9742     		.uleb128 0x2117
 816 0064 19       		.uleb128 0x19
 817 0065 00       		.byte	0
 818 0066 00       		.byte	0
 819 0067 09       		.uleb128 0x9
 820 0068 2E       		.uleb128 0x2e
ARM GAS  C:\Users\HENRYK~1\AppData\Local\Temp\ccW0NIPv.s 			page 21


 821 0069 01       		.byte	0x1
 822 006a 03       		.uleb128 0x3
 823 006b 0E       		.uleb128 0xe
 824 006c 3A       		.uleb128 0x3a
 825 006d 0B       		.uleb128 0xb
 826 006e 3B       		.uleb128 0x3b
 827 006f 0B       		.uleb128 0xb
 828 0070 27       		.uleb128 0x27
 829 0071 19       		.uleb128 0x19
 830 0072 11       		.uleb128 0x11
 831 0073 01       		.uleb128 0x1
 832 0074 12       		.uleb128 0x12
 833 0075 06       		.uleb128 0x6
 834 0076 40       		.uleb128 0x40
 835 0077 18       		.uleb128 0x18
 836 0078 9742     		.uleb128 0x2117
 837 007a 19       		.uleb128 0x19
 838 007b 01       		.uleb128 0x1
 839 007c 13       		.uleb128 0x13
 840 007d 00       		.byte	0
 841 007e 00       		.byte	0
 842 007f 0A       		.uleb128 0xa
 843 0080 05       		.uleb128 0x5
 844 0081 00       		.byte	0
 845 0082 03       		.uleb128 0x3
 846 0083 08       		.uleb128 0x8
 847 0084 3A       		.uleb128 0x3a
 848 0085 0B       		.uleb128 0xb
 849 0086 3B       		.uleb128 0x3b
 850 0087 0B       		.uleb128 0xb
 851 0088 49       		.uleb128 0x49
 852 0089 13       		.uleb128 0x13
 853 008a 02       		.uleb128 0x2
 854 008b 17       		.uleb128 0x17
 855 008c 00       		.byte	0
 856 008d 00       		.byte	0
 857 008e 0B       		.uleb128 0xb
 858 008f 898201   		.uleb128 0x4109
 859 0092 01       		.byte	0x1
 860 0093 11       		.uleb128 0x11
 861 0094 01       		.uleb128 0x1
 862 0095 31       		.uleb128 0x31
 863 0096 13       		.uleb128 0x13
 864 0097 00       		.byte	0
 865 0098 00       		.byte	0
 866 0099 0C       		.uleb128 0xc
 867 009a 8A8201   		.uleb128 0x410a
 868 009d 00       		.byte	0
 869 009e 02       		.uleb128 0x2
 870 009f 18       		.uleb128 0x18
 871 00a0 9142     		.uleb128 0x2111
 872 00a2 18       		.uleb128 0x18
 873 00a3 00       		.byte	0
 874 00a4 00       		.byte	0
 875 00a5 0D       		.uleb128 0xd
 876 00a6 898201   		.uleb128 0x4109
 877 00a9 00       		.byte	0
ARM GAS  C:\Users\HENRYK~1\AppData\Local\Temp\ccW0NIPv.s 			page 22


 878 00aa 11       		.uleb128 0x11
 879 00ab 01       		.uleb128 0x1
 880 00ac 31       		.uleb128 0x31
 881 00ad 13       		.uleb128 0x13
 882 00ae 00       		.byte	0
 883 00af 00       		.byte	0
 884 00b0 0E       		.uleb128 0xe
 885 00b1 898201   		.uleb128 0x4109
 886 00b4 01       		.byte	0x1
 887 00b5 11       		.uleb128 0x11
 888 00b6 01       		.uleb128 0x1
 889 00b7 31       		.uleb128 0x31
 890 00b8 13       		.uleb128 0x13
 891 00b9 01       		.uleb128 0x1
 892 00ba 13       		.uleb128 0x13
 893 00bb 00       		.byte	0
 894 00bc 00       		.byte	0
 895 00bd 0F       		.uleb128 0xf
 896 00be 2E       		.uleb128 0x2e
 897 00bf 01       		.byte	0x1
 898 00c0 3F       		.uleb128 0x3f
 899 00c1 19       		.uleb128 0x19
 900 00c2 03       		.uleb128 0x3
 901 00c3 0E       		.uleb128 0xe
 902 00c4 3A       		.uleb128 0x3a
 903 00c5 0B       		.uleb128 0xb
 904 00c6 3B       		.uleb128 0x3b
 905 00c7 0B       		.uleb128 0xb
 906 00c8 27       		.uleb128 0x27
 907 00c9 19       		.uleb128 0x19
 908 00ca 11       		.uleb128 0x11
 909 00cb 01       		.uleb128 0x1
 910 00cc 12       		.uleb128 0x12
 911 00cd 06       		.uleb128 0x6
 912 00ce 40       		.uleb128 0x40
 913 00cf 18       		.uleb128 0x18
 914 00d0 9742     		.uleb128 0x2117
 915 00d2 19       		.uleb128 0x19
 916 00d3 01       		.uleb128 0x1
 917 00d4 13       		.uleb128 0x13
 918 00d5 00       		.byte	0
 919 00d6 00       		.byte	0
 920 00d7 10       		.uleb128 0x10
 921 00d8 0B       		.uleb128 0xb
 922 00d9 01       		.byte	0x1
 923 00da 11       		.uleb128 0x11
 924 00db 01       		.uleb128 0x1
 925 00dc 12       		.uleb128 0x12
 926 00dd 06       		.uleb128 0x6
 927 00de 01       		.uleb128 0x1
 928 00df 13       		.uleb128 0x13
 929 00e0 00       		.byte	0
 930 00e1 00       		.byte	0
 931 00e2 11       		.uleb128 0x11
 932 00e3 13       		.uleb128 0x13
 933 00e4 01       		.byte	0x1
 934 00e5 0B       		.uleb128 0xb
ARM GAS  C:\Users\HENRYK~1\AppData\Local\Temp\ccW0NIPv.s 			page 23


 935 00e6 0B       		.uleb128 0xb
 936 00e7 3A       		.uleb128 0x3a
 937 00e8 0B       		.uleb128 0xb
 938 00e9 3B       		.uleb128 0x3b
 939 00ea 0B       		.uleb128 0xb
 940 00eb 01       		.uleb128 0x1
 941 00ec 13       		.uleb128 0x13
 942 00ed 00       		.byte	0
 943 00ee 00       		.byte	0
 944 00ef 12       		.uleb128 0x12
 945 00f0 0D       		.uleb128 0xd
 946 00f1 00       		.byte	0
 947 00f2 03       		.uleb128 0x3
 948 00f3 0E       		.uleb128 0xe
 949 00f4 3A       		.uleb128 0x3a
 950 00f5 0B       		.uleb128 0xb
 951 00f6 3B       		.uleb128 0x3b
 952 00f7 0B       		.uleb128 0xb
 953 00f8 49       		.uleb128 0x49
 954 00f9 13       		.uleb128 0x13
 955 00fa 38       		.uleb128 0x38
 956 00fb 0B       		.uleb128 0xb
 957 00fc 00       		.byte	0
 958 00fd 00       		.byte	0
 959 00fe 13       		.uleb128 0x13
 960 00ff 01       		.uleb128 0x1
 961 0100 01       		.byte	0x1
 962 0101 49       		.uleb128 0x49
 963 0102 13       		.uleb128 0x13
 964 0103 01       		.uleb128 0x1
 965 0104 13       		.uleb128 0x13
 966 0105 00       		.byte	0
 967 0106 00       		.byte	0
 968 0107 14       		.uleb128 0x14
 969 0108 21       		.uleb128 0x21
 970 0109 00       		.byte	0
 971 010a 49       		.uleb128 0x49
 972 010b 13       		.uleb128 0x13
 973 010c 2F       		.uleb128 0x2f
 974 010d 0B       		.uleb128 0xb
 975 010e 00       		.byte	0
 976 010f 00       		.byte	0
 977 0110 15       		.uleb128 0x15
 978 0111 34       		.uleb128 0x34
 979 0112 00       		.byte	0
 980 0113 03       		.uleb128 0x3
 981 0114 0E       		.uleb128 0xe
 982 0115 3A       		.uleb128 0x3a
 983 0116 0B       		.uleb128 0xb
 984 0117 3B       		.uleb128 0x3b
 985 0118 0B       		.uleb128 0xb
 986 0119 49       		.uleb128 0x49
 987 011a 13       		.uleb128 0x13
 988 011b 02       		.uleb128 0x2
 989 011c 18       		.uleb128 0x18
 990 011d 00       		.byte	0
 991 011e 00       		.byte	0
ARM GAS  C:\Users\HENRYK~1\AppData\Local\Temp\ccW0NIPv.s 			page 24


 992 011f 16       		.uleb128 0x16
 993 0120 26       		.uleb128 0x26
 994 0121 00       		.byte	0
 995 0122 49       		.uleb128 0x49
 996 0123 13       		.uleb128 0x13
 997 0124 00       		.byte	0
 998 0125 00       		.byte	0
 999 0126 17       		.uleb128 0x17
 1000 0127 34       		.uleb128 0x34
 1001 0128 00       		.byte	0
 1002 0129 03       		.uleb128 0x3
 1003 012a 08       		.uleb128 0x8
 1004 012b 3A       		.uleb128 0x3a
 1005 012c 0B       		.uleb128 0xb
 1006 012d 3B       		.uleb128 0x3b
 1007 012e 0B       		.uleb128 0xb
 1008 012f 49       		.uleb128 0x49
 1009 0130 13       		.uleb128 0x13
 1010 0131 02       		.uleb128 0x2
 1011 0132 17       		.uleb128 0x17
 1012 0133 00       		.byte	0
 1013 0134 00       		.byte	0
 1014 0135 18       		.uleb128 0x18
 1015 0136 0B       		.uleb128 0xb
 1016 0137 01       		.byte	0x1
 1017 0138 11       		.uleb128 0x11
 1018 0139 01       		.uleb128 0x1
 1019 013a 12       		.uleb128 0x12
 1020 013b 06       		.uleb128 0x6
 1021 013c 00       		.byte	0
 1022 013d 00       		.byte	0
 1023 013e 19       		.uleb128 0x19
 1024 013f 0F       		.uleb128 0xf
 1025 0140 00       		.byte	0
 1026 0141 0B       		.uleb128 0xb
 1027 0142 0B       		.uleb128 0xb
 1028 0143 49       		.uleb128 0x49
 1029 0144 13       		.uleb128 0x13
 1030 0145 00       		.byte	0
 1031 0146 00       		.byte	0
 1032 0147 1A       		.uleb128 0x1a
 1033 0148 2E       		.uleb128 0x2e
 1034 0149 01       		.byte	0x1
 1035 014a 3F       		.uleb128 0x3f
 1036 014b 19       		.uleb128 0x19
 1037 014c 03       		.uleb128 0x3
 1038 014d 0E       		.uleb128 0xe
 1039 014e 27       		.uleb128 0x27
 1040 014f 19       		.uleb128 0x19
 1041 0150 49       		.uleb128 0x49
 1042 0151 13       		.uleb128 0x13
 1043 0152 34       		.uleb128 0x34
 1044 0153 19       		.uleb128 0x19
 1045 0154 3C       		.uleb128 0x3c
 1046 0155 19       		.uleb128 0x19
 1047 0156 01       		.uleb128 0x1
 1048 0157 13       		.uleb128 0x13
ARM GAS  C:\Users\HENRYK~1\AppData\Local\Temp\ccW0NIPv.s 			page 25


 1049 0158 00       		.byte	0
 1050 0159 00       		.byte	0
 1051 015a 1B       		.uleb128 0x1b
 1052 015b 05       		.uleb128 0x5
 1053 015c 00       		.byte	0
 1054 015d 49       		.uleb128 0x49
 1055 015e 13       		.uleb128 0x13
 1056 015f 00       		.byte	0
 1057 0160 00       		.byte	0
 1058 0161 1C       		.uleb128 0x1c
 1059 0162 2E       		.uleb128 0x2e
 1060 0163 00       		.byte	0
 1061 0164 3F       		.uleb128 0x3f
 1062 0165 19       		.uleb128 0x19
 1063 0166 03       		.uleb128 0x3
 1064 0167 0E       		.uleb128 0xe
 1065 0168 3A       		.uleb128 0x3a
 1066 0169 0B       		.uleb128 0xb
 1067 016a 3B       		.uleb128 0x3b
 1068 016b 0B       		.uleb128 0xb
 1069 016c 27       		.uleb128 0x27
 1070 016d 19       		.uleb128 0x19
 1071 016e 3C       		.uleb128 0x3c
 1072 016f 19       		.uleb128 0x19
 1073 0170 00       		.byte	0
 1074 0171 00       		.byte	0
 1075 0172 1D       		.uleb128 0x1d
 1076 0173 2E       		.uleb128 0x2e
 1077 0174 01       		.byte	0x1
 1078 0175 3F       		.uleb128 0x3f
 1079 0176 19       		.uleb128 0x19
 1080 0177 03       		.uleb128 0x3
 1081 0178 0E       		.uleb128 0xe
 1082 0179 3A       		.uleb128 0x3a
 1083 017a 0B       		.uleb128 0xb
 1084 017b 3B       		.uleb128 0x3b
 1085 017c 0B       		.uleb128 0xb
 1086 017d 27       		.uleb128 0x27
 1087 017e 19       		.uleb128 0x19
 1088 017f 3C       		.uleb128 0x3c
 1089 0180 19       		.uleb128 0x19
 1090 0181 01       		.uleb128 0x1
 1091 0182 13       		.uleb128 0x13
 1092 0183 00       		.byte	0
 1093 0184 00       		.byte	0
 1094 0185 1E       		.uleb128 0x1e
 1095 0186 2E       		.uleb128 0x2e
 1096 0187 01       		.byte	0x1
 1097 0188 3F       		.uleb128 0x3f
 1098 0189 19       		.uleb128 0x19
 1099 018a 03       		.uleb128 0x3
 1100 018b 0E       		.uleb128 0xe
 1101 018c 3A       		.uleb128 0x3a
 1102 018d 0B       		.uleb128 0xb
 1103 018e 3B       		.uleb128 0x3b
 1104 018f 0B       		.uleb128 0xb
 1105 0190 27       		.uleb128 0x27
ARM GAS  C:\Users\HENRYK~1\AppData\Local\Temp\ccW0NIPv.s 			page 26


 1106 0191 19       		.uleb128 0x19
 1107 0192 49       		.uleb128 0x49
 1108 0193 13       		.uleb128 0x13
 1109 0194 3C       		.uleb128 0x3c
 1110 0195 19       		.uleb128 0x19
 1111 0196 01       		.uleb128 0x1
 1112 0197 13       		.uleb128 0x13
 1113 0198 00       		.byte	0
 1114 0199 00       		.byte	0
 1115 019a 1F       		.uleb128 0x1f
 1116 019b 2E       		.uleb128 0x2e
 1117 019c 01       		.byte	0x1
 1118 019d 3F       		.uleb128 0x3f
 1119 019e 19       		.uleb128 0x19
 1120 019f 03       		.uleb128 0x3
 1121 01a0 0E       		.uleb128 0xe
 1122 01a1 3A       		.uleb128 0x3a
 1123 01a2 0B       		.uleb128 0xb
 1124 01a3 3B       		.uleb128 0x3b
 1125 01a4 0B       		.uleb128 0xb
 1126 01a5 27       		.uleb128 0x27
 1127 01a6 19       		.uleb128 0x19
 1128 01a7 3C       		.uleb128 0x3c
 1129 01a8 19       		.uleb128 0x19
 1130 01a9 00       		.byte	0
 1131 01aa 00       		.byte	0
 1132 01ab 00       		.byte	0
 1133              		.section	.debug_loc,"",%progbits
 1134              	.Ldebug_loc0:
 1135              	.LLST0:
 1136 0000 00000000 		.4byte	.LVL0
 1137 0004 09000000 		.4byte	.LVL2-1
 1138 0008 0100     		.2byte	0x1
 1139 000a 50       		.byte	0x50
 1140 000b 09000000 		.4byte	.LVL2-1
 1141 000f 0C000000 		.4byte	.LFE2
 1142 0013 0400     		.2byte	0x4
 1143 0015 F3       		.byte	0xf3
 1144 0016 01       		.uleb128 0x1
 1145 0017 50       		.byte	0x50
 1146 0018 9F       		.byte	0x9f
 1147 0019 00000000 		.4byte	0
 1148 001d 00000000 		.4byte	0
 1149              	.LLST1:
 1150 0021 00000000 		.4byte	.LVL0
 1151 0025 06000000 		.4byte	.LVL1
 1152 0029 0100     		.2byte	0x1
 1153 002b 51       		.byte	0x51
 1154 002c 06000000 		.4byte	.LVL1
 1155 0030 09000000 		.4byte	.LVL2-1
 1156 0034 0100     		.2byte	0x1
 1157 0036 52       		.byte	0x52
 1158 0037 09000000 		.4byte	.LVL2-1
 1159 003b 0C000000 		.4byte	.LFE2
 1160 003f 0400     		.2byte	0x4
 1161 0041 F3       		.byte	0xf3
 1162 0042 01       		.uleb128 0x1
ARM GAS  C:\Users\HENRYK~1\AppData\Local\Temp\ccW0NIPv.s 			page 27


 1163 0043 51       		.byte	0x51
 1164 0044 9F       		.byte	0x9f
 1165 0045 00000000 		.4byte	0
 1166 0049 00000000 		.4byte	0
 1167              	.LLST2:
 1168 004d A2000000 		.4byte	.LVL9
 1169 0051 A6000000 		.4byte	.LVL10
 1170 0055 0200     		.2byte	0x2
 1171 0057 30       		.byte	0x30
 1172 0058 9F       		.byte	0x9f
 1173 0059 A6000000 		.4byte	.LVL10
 1174 005d C6000000 		.4byte	.LVL12
 1175 0061 0100     		.2byte	0x1
 1176 0063 54       		.byte	0x54
 1177 0064 C8000000 		.4byte	.LVL13
 1178 0068 38010000 		.4byte	.LVL16
 1179 006c 0100     		.2byte	0x1
 1180 006e 54       		.byte	0x54
 1181 006f 00000000 		.4byte	0
 1182 0073 00000000 		.4byte	0
 1183              	.LLST3:
 1184 0077 A6000000 		.4byte	.LVL10
 1185 007b C6000000 		.4byte	.LVL12
 1186 007f 0B00     		.2byte	0xb
 1187 0081 74       		.byte	0x74
 1188 0082 00       		.sleb128 0
 1189 0083 36       		.byte	0x36
 1190 0084 1E       		.byte	0x1e
 1191 0085 03       		.byte	0x3
 1192 0086 00000000 		.4byte	cfg_memset_list.4742
 1193 008a 22       		.byte	0x22
 1194 008b 9F       		.byte	0x9f
 1195 008c C6000000 		.4byte	.LVL12
 1196 0090 C8000000 		.4byte	.LVL13
 1197 0094 0B00     		.2byte	0xb
 1198 0096 74       		.byte	0x74
 1199 0097 7F       		.sleb128 -1
 1200 0098 36       		.byte	0x36
 1201 0099 1E       		.byte	0x1e
 1202 009a 03       		.byte	0x3
 1203 009b 00000000 		.4byte	cfg_memset_list.4742
 1204 009f 22       		.byte	0x22
 1205 00a0 9F       		.byte	0x9f
 1206 00a1 00000000 		.4byte	0
 1207 00a5 00000000 		.4byte	0
 1208              		.section	.debug_aranges,"",%progbits
 1209 0000 34000000 		.4byte	0x34
 1210 0004 0200     		.2byte	0x2
 1211 0006 00000000 		.4byte	.Ldebug_info0
 1212 000a 04       		.byte	0x4
 1213 000b 00       		.byte	0
 1214 000c 0000     		.2byte	0
 1215 000e 0000     		.2byte	0
 1216 0010 00000000 		.4byte	.LFB6
 1217 0014 20000000 		.4byte	.LFE6-.LFB6
 1218 0018 00000000 		.4byte	.LFB2
 1219 001c 0C000000 		.4byte	.LFE2-.LFB2
ARM GAS  C:\Users\HENRYK~1\AppData\Local\Temp\ccW0NIPv.s 			page 28


 1220 0020 00000000 		.4byte	.LFB5
 1221 0024 98000000 		.4byte	.LFE5-.LFB5
 1222 0028 98000000 		.4byte	.LFB7
 1223 002c DC000000 		.4byte	.LFE7-.LFB7
 1224 0030 00000000 		.4byte	0
 1225 0034 00000000 		.4byte	0
 1226              		.section	.debug_ranges,"",%progbits
 1227              	.Ldebug_ranges0:
 1228 0000 00000000 		.4byte	.LFB6
 1229 0004 20000000 		.4byte	.LFE6
 1230 0008 00000000 		.4byte	.LFB2
 1231 000c 0C000000 		.4byte	.LFE2
 1232 0010 00000000 		.4byte	.LFB5
 1233 0014 98000000 		.4byte	.LFE5
 1234 0018 98000000 		.4byte	.LFB7
 1235 001c 74010000 		.4byte	.LFE7
 1236 0020 00000000 		.4byte	0
 1237 0024 00000000 		.4byte	0
 1238              		.section	.debug_line,"",%progbits
 1239              	.Ldebug_line0:
 1240 0000 5A010000 		.section	.debug_str,"MS",%progbits,1
 1240      0200E500 
 1240      00000201 
 1240      FB0E0D00 
 1240      01010101 
 1241              	.LASF27:
 1242 0000 43794465 		.ascii	"CyDelayCycles\000"
 1242      6C617943 
 1242      79636C65 
 1242      7300
 1243              	.LASF19:
 1244 000e 72656733 		.ascii	"reg32\000"
 1244      3200
 1245              	.LASF11:
 1246 0014 73697A65 		.ascii	"size_t\000"
 1246      5F7400
 1247              	.LASF34:
 1248 001b 416E616C 		.ascii	"AnalogSetDefault\000"
 1248      6F675365 
 1248      74446566 
 1248      61756C74 
 1248      00
 1249              	.LASF25:
 1250 002c 6366675F 		.ascii	"cfg_memset_list\000"
 1250      6D656D73 
 1250      65745F6C 
 1250      69737400 
 1251              	.LASF21:
 1252 003c 436C6F63 		.ascii	"ClockSetup\000"
 1252      6B536574 
 1252      757000
 1253              	.LASF4:
 1254 0047 73686F72 		.ascii	"short unsigned int\000"
 1254      7420756E 
 1254      7369676E 
 1254      65642069 
 1254      6E7400
ARM GAS  C:\Users\HENRYK~1\AppData\Local\Temp\ccW0NIPv.s 			page 29


 1255              	.LASF15:
 1256 005a 666C6F61 		.ascii	"float\000"
 1256      7400
 1257              	.LASF23:
 1258 0060 73697A65 		.ascii	"size\000"
 1258      00
 1259              	.LASF29:
 1260 0065 43795379 		.ascii	"CySysClkWcoSetPowerMode\000"
 1260      73436C6B 
 1260      57636F53 
 1260      6574506F 
 1260      7765724D 
 1261              	.LASF18:
 1262 007d 72656738 		.ascii	"reg8\000"
 1262      00
 1263              	.LASF33:
 1264 0082 433A5C55 		.ascii	"C:\\Users\\Henry Kao\\Documents\\PSoC Creator\\Shif"
 1264      73657273 
 1264      5C48656E 
 1264      7279204B 
 1264      616F5C44 
 1265 00b0 7465725C 		.ascii	"ter\\Interrupts_Example01.cydsn\000"
 1265      496E7465 
 1265      72727570 
 1265      74735F45 
 1265      78616D70 
 1266              	.LASF6:
 1267 00cf 6C6F6E67 		.ascii	"long unsigned int\000"
 1267      20756E73 
 1267      69676E65 
 1267      6420696E 
 1267      7400
 1268              	.LASF12:
 1269 00e1 75696E74 		.ascii	"uint8\000"
 1269      3800
 1270              	.LASF36:
 1271 00e7 43795379 		.ascii	"CySysClkWcoStart\000"
 1271      73436C6B 
 1271      57636F53 
 1271      74617274 
 1271      00
 1272              	.LASF20:
 1273 00f8 43594D45 		.ascii	"CYMEMZERO\000"
 1273      4D5A4552 
 1273      4F00
 1274              	.LASF2:
 1275 0102 756E7369 		.ascii	"unsigned char\000"
 1275      676E6564 
 1275      20636861 
 1275      7200
 1276              	.LASF26:
 1277 0110 6D656D73 		.ascii	"memset\000"
 1277      657400
 1278              	.LASF16:
 1279 0117 646F7562 		.ascii	"double\000"
 1279      6C6500
 1280              	.LASF35:
ARM GAS  C:\Users\HENRYK~1\AppData\Local\Temp\ccW0NIPv.s 			page 30


 1281 011e 63796669 		.ascii	"cyfitter_cfg\000"
 1281      74746572 
 1281      5F636667 
 1281      00
 1282              	.LASF13:
 1283 012b 75696E74 		.ascii	"uint16\000"
 1283      313600
 1284              	.LASF17:
 1285 0132 63797374 		.ascii	"cystatus\000"
 1285      61747573 
 1285      00
 1286              	.LASF14:
 1287 013b 75696E74 		.ascii	"uint32\000"
 1287      333200
 1288              	.LASF0:
 1289 0142 756E7369 		.ascii	"unsigned int\000"
 1289      676E6564 
 1289      20696E74 
 1289      00
 1290              	.LASF22:
 1291 014f 61646472 		.ascii	"address\000"
 1291      65737300 
 1292              	.LASF8:
 1293 0157 6C6F6E67 		.ascii	"long long unsigned int\000"
 1293      206C6F6E 
 1293      6720756E 
 1293      7369676E 
 1293      65642069 
 1294              	.LASF24:
 1295 016e 6366675F 		.ascii	"cfg_memset_t\000"
 1295      6D656D73 
 1295      65745F74 
 1295      00
 1296              	.LASF32:
 1297 017b 2E5C4765 		.ascii	".\\Generated_Source\\PSoC4\\cyfitter_cfg.c\000"
 1297      6E657261 
 1297      7465645F 
 1297      536F7572 
 1297      63655C50 
 1298              	.LASF9:
 1299 01a3 73697A65 		.ascii	"sizetype\000"
 1299      74797065 
 1299      00
 1300              	.LASF7:
 1301 01ac 6C6F6E67 		.ascii	"long long int\000"
 1301      206C6F6E 
 1301      6720696E 
 1301      7400
 1302              	.LASF37:
 1303 01ba 43794465 		.ascii	"CyDelayUs\000"
 1303      6C617955 
 1303      7300
 1304              	.LASF10:
 1305 01c4 63686172 		.ascii	"char\000"
 1305      00
 1306              	.LASF30:
 1307 01c9 43795379 		.ascii	"CySysClkEcoStart\000"
ARM GAS  C:\Users\HENRYK~1\AppData\Local\Temp\ccW0NIPv.s 			page 31


 1307      73436C6B 
 1307      45636F53 
 1307      74617274 
 1307      00
 1308              	.LASF31:
 1309 01da 474E5520 		.ascii	"GNU C 4.9.3 20150303 (release) [ARM/embedded-4_9-br"
 1309      4320342E 
 1309      392E3320 
 1309      32303135 
 1309      30333033 
 1310 020d 616E6368 		.ascii	"anch revision 221220] -mcpu=cortex-m0 -mthumb -g -O"
 1310      20726576 
 1310      6973696F 
 1310      6E203232 
 1310      31323230 
 1311 0240 67202D66 		.ascii	"g -ffunction-sections -ffat-lto-objects\000"
 1311      66756E63 
 1311      74696F6E 
 1311      2D736563 
 1311      74696F6E 
 1312              	.LASF3:
 1313 0268 73686F72 		.ascii	"short int\000"
 1313      7420696E 
 1313      7400
 1314              	.LASF28:
 1315 0272 43795379 		.ascii	"CySysClkWriteImoFreq\000"
 1315      73436C6B 
 1315      57726974 
 1315      65496D6F 
 1315      46726571 
 1316              	.LASF5:
 1317 0287 6C6F6E67 		.ascii	"long int\000"
 1317      20696E74 
 1317      00
 1318              	.LASF1:
 1319 0290 7369676E 		.ascii	"signed char\000"
 1319      65642063 
 1319      68617200 
 1320              		.ident	"GCC: (GNU Tools for ARM Embedded Processors) 4.9.3 20150303 (release) [ARM/embedded-4_9-br
