Archive member included because of file (symbol)

.\CortexM0\ARM_GCC_493\Debug\Switches.a(cyfitter_cfg.o)
                              .\CortexM0\ARM_GCC_493\Debug\Cm0Start.o (cyfitter_cfg)
.\CortexM0\ARM_GCC_493\Debug\Switches.a(CyBootAsmGnu.o)
                              .\CortexM0\ARM_GCC_493\Debug\Switches.a(cyfitter_cfg.o) (CyDelayCycles)
.\CortexM0\ARM_GCC_493\Debug\Switches.a(CyLib.o)
                              .\CortexM0\ARM_GCC_493\Debug\Switches.a(cyfitter_cfg.o) (CySysClkWriteImoFreq)
.\CortexM0\ARM_GCC_493\Debug\Switches.a(CyLFClk.o)
                              .\CortexM0\ARM_GCC_493\Debug\Switches.a(cyfitter_cfg.o) (CySysClkWcoStart)
.\CortexM0\ARM_GCC_493\Debug\Switches.a(UART.o)
                              .\CortexM0\ARM_GCC_493\Debug\main.o (UART_Start)
.\CortexM0\ARM_GCC_493\Debug\Switches.a(UART_UART.o)
                              .\CortexM0\ARM_GCC_493\Debug\Switches.a(UART.o) (UART_UartInit)
.\CortexM0\ARM_GCC_493\Debug\Switches.a(shifter_switches.o)
                              .\CortexM0\ARM_GCC_493\Debug\main.o (shifter_switches_ClearInterrupt)
.\CortexM0\ARM_GCC_493\Debug\Switches.a(gpio_isr.o)
                              .\CortexM0\ARM_GCC_493\Debug\main.o (gpio_isr_StartEx)
.\CortexM0\ARM_GCC_493\Debug\Switches.a(UART_SPI_UART.o)
                              .\CortexM0\ARM_GCC_493\Debug\Switches.a(UART_UART.o) (UART_SpiUartReadRxData)
c:/program files (x86)/cypress/psoc creator/3.3/psoc creator/import/gnu/arm/4.9.3/bin/../lib/gcc/arm-none-eabi/4.9.3/armv6-m\libgcc.a(_udivsi3.o)
                              .\CortexM0\ARM_GCC_493\Debug\Switches.a(CyLib.o) (__aeabi_uidiv)
c:/program files (x86)/cypress/psoc creator/3.3/psoc creator/import/gnu/arm/4.9.3/bin/../lib/gcc/arm-none-eabi/4.9.3/armv6-m\libgcc.a(_dvmd_tls.o)
                              c:/program files (x86)/cypress/psoc creator/3.3/psoc creator/import/gnu/arm/4.9.3/bin/../lib/gcc/arm-none-eabi/4.9.3/armv6-m\libgcc.a(_udivsi3.o) (__aeabi_idiv0)
c:/program files (x86)/cypress/psoc creator/3.3/psoc creator/import/gnu/arm/4.9.3/bin/../lib/gcc/arm-none-eabi/4.9.3/../../../../arm-none-eabi/lib/armv6-m\libg_nano.a(lib_a-errno.o)
                              .\CortexM0\ARM_GCC_493\Debug\Cm0Start.o (__errno)
c:/program files (x86)/cypress/psoc creator/3.3/psoc creator/import/gnu/arm/4.9.3/bin/../lib/gcc/arm-none-eabi/4.9.3/../../../../arm-none-eabi/lib/armv6-m\libg_nano.a(lib_a-exit.o)
                              c:/program files (x86)/cypress/psoc creator/3.3/psoc creator/import/gnu/arm/4.9.3/bin/../lib/gcc/arm-none-eabi/4.9.3/../../../../arm-none-eabi/lib/armv6-m/crt0.o (exit)
c:/program files (x86)/cypress/psoc creator/3.3/psoc creator/import/gnu/arm/4.9.3/bin/../lib/gcc/arm-none-eabi/4.9.3/../../../../arm-none-eabi/lib/armv6-m\libg_nano.a(lib_a-impure.o)
                              c:/program files (x86)/cypress/psoc creator/3.3/psoc creator/import/gnu/arm/4.9.3/bin/../lib/gcc/arm-none-eabi/4.9.3/../../../../arm-none-eabi/lib/armv6-m\libg_nano.a(lib_a-exit.o) (_global_impure_ptr)
c:/program files (x86)/cypress/psoc creator/3.3/psoc creator/import/gnu/arm/4.9.3/bin/../lib/gcc/arm-none-eabi/4.9.3/../../../../arm-none-eabi/lib/armv6-m\libg_nano.a(lib_a-init.o)
                              c:/program files (x86)/cypress/psoc creator/3.3/psoc creator/import/gnu/arm/4.9.3/bin/../lib/gcc/arm-none-eabi/4.9.3/../../../../arm-none-eabi/lib/armv6-m/crt0.o (__libc_init_array)
c:/program files (x86)/cypress/psoc creator/3.3/psoc creator/import/gnu/arm/4.9.3/bin/../lib/gcc/arm-none-eabi/4.9.3/../../../../arm-none-eabi/lib/armv6-m\libg_nano.a(lib_a-memset.o)
                              c:/program files (x86)/cypress/psoc creator/3.3/psoc creator/import/gnu/arm/4.9.3/bin/../lib/gcc/arm-none-eabi/4.9.3/../../../../arm-none-eabi/lib/armv6-m/crt0.o (memset)

Discarded input sections

 .text          0x00000000        0x0 c:/program files (x86)/cypress/psoc creator/3.3/psoc creator/import/gnu/arm/4.9.3/bin/../lib/gcc/arm-none-eabi/4.9.3/armv6-m/crti.o
 .data          0x00000000        0x0 c:/program files (x86)/cypress/psoc creator/3.3/psoc creator/import/gnu/arm/4.9.3/bin/../lib/gcc/arm-none-eabi/4.9.3/armv6-m/crti.o
 .bss           0x00000000        0x0 c:/program files (x86)/cypress/psoc creator/3.3/psoc creator/import/gnu/arm/4.9.3/bin/../lib/gcc/arm-none-eabi/4.9.3/armv6-m/crti.o
 .data          0x00000000        0x4 c:/program files (x86)/cypress/psoc creator/3.3/psoc creator/import/gnu/arm/4.9.3/bin/../lib/gcc/arm-none-eabi/4.9.3/armv6-m/crtbegin.o
 .text          0x00000000       0x78 c:/program files (x86)/cypress/psoc creator/3.3/psoc creator/import/gnu/arm/4.9.3/bin/../lib/gcc/arm-none-eabi/4.9.3/../../../../arm-none-eabi/lib/armv6-m/crt0.o
 .data          0x00000000        0x0 c:/program files (x86)/cypress/psoc creator/3.3/psoc creator/import/gnu/arm/4.9.3/bin/../lib/gcc/arm-none-eabi/4.9.3/../../../../arm-none-eabi/lib/armv6-m/crt0.o
 .bss           0x00000000        0x0 c:/program files (x86)/cypress/psoc creator/3.3/psoc creator/import/gnu/arm/4.9.3/bin/../lib/gcc/arm-none-eabi/4.9.3/../../../../arm-none-eabi/lib/armv6-m/crt0.o
 .ARM.extab     0x00000000        0x0 c:/program files (x86)/cypress/psoc creator/3.3/psoc creator/import/gnu/arm/4.9.3/bin/../lib/gcc/arm-none-eabi/4.9.3/../../../../arm-none-eabi/lib/armv6-m/crt0.o
 .ARM.exidx     0x00000000        0x8 c:/program files (x86)/cypress/psoc creator/3.3/psoc creator/import/gnu/arm/4.9.3/bin/../lib/gcc/arm-none-eabi/4.9.3/../../../../arm-none-eabi/lib/armv6-m/crt0.o
 .text          0x00000000        0x0 .\CortexM0\ARM_GCC_493\Debug\main.o
 .data          0x00000000        0x0 .\CortexM0\ARM_GCC_493\Debug\main.o
 .text          0x00000000        0x0 .\CortexM0\ARM_GCC_493\Debug\cymetadata.o
 .data          0x00000000        0x0 .\CortexM0\ARM_GCC_493\Debug\cymetadata.o
 .bss           0x00000000        0x0 .\CortexM0\ARM_GCC_493\Debug\cymetadata.o
 .text          0x00000000        0x0 .\CortexM0\ARM_GCC_493\Debug\Cm0Start.o
 .data          0x00000000        0x4 .\CortexM0\ARM_GCC_493\Debug\Cm0Start.o
 .bss           0x00000000        0x0 .\CortexM0\ARM_GCC_493\Debug\Cm0Start.o
 .text._exit    0x00000000        0xc .\CortexM0\ARM_GCC_493\Debug\Cm0Start.o
 .text._sbrk    0x00000000       0x30 .\CortexM0\ARM_GCC_493\Debug\Cm0Start.o
 .text          0x00000000        0x0 .\CortexM0\ARM_GCC_493\Debug\Switches.a(cyfitter_cfg.o)
 .data          0x00000000        0x0 .\CortexM0\ARM_GCC_493\Debug\Switches.a(cyfitter_cfg.o)
 .bss           0x00000000        0x0 .\CortexM0\ARM_GCC_493\Debug\Switches.a(cyfitter_cfg.o)
 .data          0x00000000        0x0 .\CortexM0\ARM_GCC_493\Debug\Switches.a(CyBootAsmGnu.o)
 .bss           0x00000000        0x0 .\CortexM0\ARM_GCC_493\Debug\Switches.a(CyBootAsmGnu.o)
 .text          0x00000000        0x0 .\CortexM0\ARM_GCC_493\Debug\Switches.a(CyLib.o)
 .bss           0x00000000       0x18 .\CortexM0\ARM_GCC_493\Debug\Switches.a(CyLib.o)
 .text.CySysClkImoStart
                0x00000000       0x14 .\CortexM0\ARM_GCC_493\Debug\Switches.a(CyLib.o)
 .text.CySysClkImoStop
                0x00000000       0x10 .\CortexM0\ARM_GCC_493\Debug\Switches.a(CyLib.o)
 .text.CySysClkWriteHfclkDirect
                0x00000000       0x24 .\CortexM0\ARM_GCC_493\Debug\Switches.a(CyLib.o)
 .text.CySysClkWriteSysclkDiv
                0x00000000       0x28 .\CortexM0\ARM_GCC_493\Debug\Switches.a(CyLib.o)
 .text.CySysClkEcoStop
                0x00000000       0x24 .\CortexM0\ARM_GCC_493\Debug\Switches.a(CyLib.o)
 .text.CySysLvdDisable
                0x00000000       0x20 .\CortexM0\ARM_GCC_493\Debug\Switches.a(CyLib.o)
 .text.CySysLvdGetInterruptSource
                0x00000000       0x10 .\CortexM0\ARM_GCC_493\Debug\Switches.a(CyLib.o)
 .text.CySysLvdClearInterrupt
                0x00000000        0xc .\CortexM0\ARM_GCC_493\Debug\Switches.a(CyLib.o)
 .text.CySysGetResetReason
                0x00000000       0x14 .\CortexM0\ARM_GCC_493\Debug\Switches.a(CyLib.o)
 .text.CyDisableInts
                0x00000000       0x10 .\CortexM0\ARM_GCC_493\Debug\Switches.a(CyLib.o)
 .text.CyEnableInts
                0x00000000        0xc .\CortexM0\ARM_GCC_493\Debug\Switches.a(CyLib.o)
 .text.CyIntGetState
                0x00000000       0x18 .\CortexM0\ARM_GCC_493\Debug\Switches.a(CyLib.o)
 .text.CyIntDisable
                0x00000000       0x14 .\CortexM0\ARM_GCC_493\Debug\Switches.a(CyLib.o)
 .text.CyIntSetPending
                0x00000000       0x14 .\CortexM0\ARM_GCC_493\Debug\Switches.a(CyLib.o)
 .text.CyIntClearPending
                0x00000000       0x14 .\CortexM0\ARM_GCC_493\Debug\Switches.a(CyLib.o)
 .text.CySysClkWriteEcoDiv
                0x00000000       0x38 .\CortexM0\ARM_GCC_493\Debug\Switches.a(CyLib.o)
 .text.CyIntSetSysVector
                0x00000000       0x20 .\CortexM0\ARM_GCC_493\Debug\Switches.a(CyLib.o)
 .text.CyIntGetSysVector
                0x00000000       0x1c .\CortexM0\ARM_GCC_493\Debug\Switches.a(CyLib.o)
 .text.CyIntGetVector
                0x00000000       0x20 .\CortexM0\ARM_GCC_493\Debug\Switches.a(CyLib.o)
 .text.CyIntSetPriority
                0x00000000       0x4c .\CortexM0\ARM_GCC_493\Debug\Switches.a(CyLib.o)
 .text.CyIntGetPriority
                0x00000000       0x2c .\CortexM0\ARM_GCC_493\Debug\Switches.a(CyLib.o)
 .text.CySoftwareReset
                0x00000000       0x18 .\CortexM0\ARM_GCC_493\Debug\Switches.a(CyLib.o)
 .text.CyDelay  0x00000000       0x30 .\CortexM0\ARM_GCC_493\Debug\Switches.a(CyLib.o)
 .text.CySysLvdEnable
                0x00000000       0x44 .\CortexM0\ARM_GCC_493\Debug\Switches.a(CyLib.o)
 .text.CyDelayFreq
                0x00000000       0x4c .\CortexM0\ARM_GCC_493\Debug\Switches.a(CyLib.o)
 .text.CySysTickStop
                0x00000000       0x10 .\CortexM0\ARM_GCC_493\Debug\Switches.a(CyLib.o)
 .text.CySysTickEnableInterrupt
                0x00000000       0x10 .\CortexM0\ARM_GCC_493\Debug\Switches.a(CyLib.o)
 .text.CySysTickEnable
                0x00000000       0x18 .\CortexM0\ARM_GCC_493\Debug\Switches.a(CyLib.o)
 .text.CySysTickDisableInterrupt
                0x00000000       0x10 .\CortexM0\ARM_GCC_493\Debug\Switches.a(CyLib.o)
 .text.CySysTickSetReload
                0x00000000       0x10 .\CortexM0\ARM_GCC_493\Debug\Switches.a(CyLib.o)
 .text.CySysTickGetReload
                0x00000000       0x10 .\CortexM0\ARM_GCC_493\Debug\Switches.a(CyLib.o)
 .text.CySysTickGetValue
                0x00000000       0x10 .\CortexM0\ARM_GCC_493\Debug\Switches.a(CyLib.o)
 .text.CySysTickSetClockSource
                0x00000000       0x20 .\CortexM0\ARM_GCC_493\Debug\Switches.a(CyLib.o)
 .text.CySysTickGetCountFlag
                0x00000000       0x10 .\CortexM0\ARM_GCC_493\Debug\Switches.a(CyLib.o)
 .text.CySysTickServiceCallbacks
                0x00000000       0x28 .\CortexM0\ARM_GCC_493\Debug\Switches.a(CyLib.o)
 .text.CySysTickClear
                0x00000000        0xc .\CortexM0\ARM_GCC_493\Debug\Switches.a(CyLib.o)
 .text.CySysTickInit
                0x00000000       0x4c .\CortexM0\ARM_GCC_493\Debug\Switches.a(CyLib.o)
 .text.CySysTickStart
                0x00000000       0x20 .\CortexM0\ARM_GCC_493\Debug\Switches.a(CyLib.o)
 .text.CySysTickSetCallback
                0x00000000       0x10 .\CortexM0\ARM_GCC_493\Debug\Switches.a(CyLib.o)
 .text.CySysTickGetCallback
                0x00000000        0xc .\CortexM0\ARM_GCC_493\Debug\Switches.a(CyLib.o)
 .text.CyGetUniqueId
                0x00000000       0x70 .\CortexM0\ARM_GCC_493\Debug\Switches.a(CyLib.o)
 .text          0x00000000        0x0 .\CortexM0\ARM_GCC_493\Debug\Switches.a(CyLFClk.o)
 .text.CySysClkIloEnabled
                0x00000000       0x14 .\CortexM0\ARM_GCC_493\Debug\Switches.a(CyLFClk.o)
 .text.CySysClkGetLfclkSource
                0x00000000       0x10 .\CortexM0\ARM_GCC_493\Debug\Switches.a(CyLFClk.o)
 .text.CySysClkIloStart
                0x00000000       0x14 .\CortexM0\ARM_GCC_493\Debug\Switches.a(CyLFClk.o)
 .text.CySysClkWcoEnabled
                0x00000000       0x14 .\CortexM0\ARM_GCC_493\Debug\Switches.a(CyLFClk.o)
 .text.CySysWdtGetEnabledStatus
                0x00000000       0x24 .\CortexM0\ARM_GCC_493\Debug\Switches.a(CyLFClk.o)
 .text.CySysWdtSetMode
                0x00000000       0x38 .\CortexM0\ARM_GCC_493\Debug\Switches.a(CyLFClk.o)
 .text.CySysClkLfclkPosedgeRestore
                0x00000000       0x2c .\CortexM0\ARM_GCC_493\Debug\Switches.a(CyLFClk.o)
 .text.CySysWdtGetMode
                0x00000000       0x14 .\CortexM0\ARM_GCC_493\Debug\Switches.a(CyLFClk.o)
 .text.CySysWdtSetClearOnMatch
                0x00000000       0x38 .\CortexM0\ARM_GCC_493\Debug\Switches.a(CyLFClk.o)
 .text.CySysWdtGetClearOnMatch
                0x00000000       0x24 .\CortexM0\ARM_GCC_493\Debug\Switches.a(CyLFClk.o)
 .text.CySysWdtEnable
                0x00000000       0x3c .\CortexM0\ARM_GCC_493\Debug\Switches.a(CyLFClk.o)
 .text.CySysWdtDisable
                0x00000000       0x44 .\CortexM0\ARM_GCC_493\Debug\Switches.a(CyLFClk.o)
 .text.CySysWdtSetCascade
                0x00000000       0x34 .\CortexM0\ARM_GCC_493\Debug\Switches.a(CyLFClk.o)
 .text.CySysWdtGetCascade
                0x00000000       0x14 .\CortexM0\ARM_GCC_493\Debug\Switches.a(CyLFClk.o)
 .text.CySysWdtSetMatch
                0x00000000       0x58 .\CortexM0\ARM_GCC_493\Debug\Switches.a(CyLFClk.o)
 .text.CySysWdtSetToggleBit
                0x00000000       0x2c .\CortexM0\ARM_GCC_493\Debug\Switches.a(CyLFClk.o)
 .text.CySysWdtGetToggleBit
                0x00000000       0x10 .\CortexM0\ARM_GCC_493\Debug\Switches.a(CyLFClk.o)
 .text.CySysWdtGetMatch
                0x00000000       0x20 .\CortexM0\ARM_GCC_493\Debug\Switches.a(CyLFClk.o)
 .text.CySysWdtGetCount
                0x00000000       0x3c .\CortexM0\ARM_GCC_493\Debug\Switches.a(CyLFClk.o)
 .text.CySysClkLfclkPosedgeCatch
                0x00000000       0x74 .\CortexM0\ARM_GCC_493\Debug\Switches.a(CyLFClk.o)
 .text.CySysClkIloStop
                0x00000000       0x4c .\CortexM0\ARM_GCC_493\Debug\Switches.a(CyLFClk.o)
 .text.CySysClkSetLfclkSource
                0x00000000       0x38 .\CortexM0\ARM_GCC_493\Debug\Switches.a(CyLFClk.o)
 .text.CySysClkWcoStop
                0x00000000       0x48 .\CortexM0\ARM_GCC_493\Debug\Switches.a(CyLFClk.o)
 .text.CySysWdtGetInterruptSource
                0x00000000       0x14 .\CortexM0\ARM_GCC_493\Debug\Switches.a(CyLFClk.o)
 .text.CySysWdtResetCounters
                0x00000000       0x20 .\CortexM0\ARM_GCC_493\Debug\Switches.a(CyLFClk.o)
 .text.CySysWdtSetInterruptCallback
                0x00000000       0x20 .\CortexM0\ARM_GCC_493\Debug\Switches.a(CyLFClk.o)
 .text.CySysWdtGetInterruptCallback
                0x00000000       0x20 .\CortexM0\ARM_GCC_493\Debug\Switches.a(CyLFClk.o)
 .text.CySysWdtEnableCounterIsr
                0x00000000       0x34 .\CortexM0\ARM_GCC_493\Debug\Switches.a(CyLFClk.o)
 .text.CySysWdtDisableCounterIsr
                0x00000000       0x28 .\CortexM0\ARM_GCC_493\Debug\Switches.a(CyLFClk.o)
 .text.CySysTimerDelayUntilMatch
                0x00000000       0x6c .\CortexM0\ARM_GCC_493\Debug\Switches.a(CyLFClk.o)
 .text.CySysTimerDelay
                0x00000000       0x3c .\CortexM0\ARM_GCC_493\Debug\Switches.a(CyLFClk.o)
 .text.CySysWatchdogFeed
                0x00000000       0x60 .\CortexM0\ARM_GCC_493\Debug\Switches.a(CyLFClk.o)
 .rodata        0x00000000        0xc .\CortexM0\ARM_GCC_493\Debug\Switches.a(CyLFClk.o)
 .text          0x00000000        0x0 .\CortexM0\ARM_GCC_493\Debug\Switches.a(UART.o)
 .data          0x00000000        0x0 .\CortexM0\ARM_GCC_493\Debug\Switches.a(UART.o)
 .text.UART_ScbModeStop
                0x00000000        0x8 .\CortexM0\ARM_GCC_493\Debug\Switches.a(UART.o)
 .text.UART_Stop
                0x00000000       0x20 .\CortexM0\ARM_GCC_493\Debug\Switches.a(UART.o)
 .text.UART_SetRxFifoLevel
                0x00000000       0x14 .\CortexM0\ARM_GCC_493\Debug\Switches.a(UART.o)
 .text.UART_SetTxFifoLevel
                0x00000000       0x14 .\CortexM0\ARM_GCC_493\Debug\Switches.a(UART.o)
 .text          0x00000000        0x0 .\CortexM0\ARM_GCC_493\Debug\Switches.a(UART_UART.o)
 .data          0x00000000        0x0 .\CortexM0\ARM_GCC_493\Debug\Switches.a(UART_UART.o)
 .bss           0x00000000        0x0 .\CortexM0\ARM_GCC_493\Debug\Switches.a(UART_UART.o)
 .text.UART_UartStop
                0x00000000       0x14 .\CortexM0\ARM_GCC_493\Debug\Switches.a(UART_UART.o)
 .text.UART_UartSetRxAddress
                0x00000000       0x14 .\CortexM0\ARM_GCC_493\Debug\Switches.a(UART_UART.o)
 .text.UART_UartSetRxAddressMask
                0x00000000       0x18 .\CortexM0\ARM_GCC_493\Debug\Switches.a(UART_UART.o)
 .text.UART_UartGetChar
                0x00000000       0x2c .\CortexM0\ARM_GCC_493\Debug\Switches.a(UART_UART.o)
 .text.UART_UartGetByte
                0x00000000       0x30 .\CortexM0\ARM_GCC_493\Debug\Switches.a(UART_UART.o)
 .text.UART_UartSetRtsPolarity
                0x00000000       0x28 .\CortexM0\ARM_GCC_493\Debug\Switches.a(UART_UART.o)
 .text.UART_UartSetRtsFifoLevel
                0x00000000       0x14 .\CortexM0\ARM_GCC_493\Debug\Switches.a(UART_UART.o)
 .text.UART_UartPutCRLF
                0x00000000       0x14 .\CortexM0\ARM_GCC_493\Debug\Switches.a(UART_UART.o)
 .text.UART_UartEnableCts
                0x00000000       0x14 .\CortexM0\ARM_GCC_493\Debug\Switches.a(UART_UART.o)
 .text.UART_UartDisableCts
                0x00000000       0x14 .\CortexM0\ARM_GCC_493\Debug\Switches.a(UART_UART.o)
 .text.UART_UartSetCtsPolarity
                0x00000000       0x28 .\CortexM0\ARM_GCC_493\Debug\Switches.a(UART_UART.o)
 .text          0x00000000        0x0 .\CortexM0\ARM_GCC_493\Debug\Switches.a(shifter_switches.o)
 .data          0x00000000        0x0 .\CortexM0\ARM_GCC_493\Debug\Switches.a(shifter_switches.o)
 .bss           0x00000000        0x0 .\CortexM0\ARM_GCC_493\Debug\Switches.a(shifter_switches.o)
 .text.shifter_switches_Write
                0x00000000       0x18 .\CortexM0\ARM_GCC_493\Debug\Switches.a(shifter_switches.o)
 .text.shifter_switches_SetDriveMode
                0x00000000       0x20 .\CortexM0\ARM_GCC_493\Debug\Switches.a(shifter_switches.o)
 .text.shifter_switches_Read
                0x00000000       0x10 .\CortexM0\ARM_GCC_493\Debug\Switches.a(shifter_switches.o)
 .text.shifter_switches_ReadDataReg
                0x00000000       0x10 .\CortexM0\ARM_GCC_493\Debug\Switches.a(shifter_switches.o)
 .text          0x00000000        0x0 .\CortexM0\ARM_GCC_493\Debug\Switches.a(gpio_isr.o)
 .data          0x00000000        0x0 .\CortexM0\ARM_GCC_493\Debug\Switches.a(gpio_isr.o)
 .bss           0x00000000        0x0 .\CortexM0\ARM_GCC_493\Debug\Switches.a(gpio_isr.o)
 .text.gpio_isr_Interrupt
                0x00000000        0x4 .\CortexM0\ARM_GCC_493\Debug\Switches.a(gpio_isr.o)
 .text.gpio_isr_GetVector
                0x00000000        0xc .\CortexM0\ARM_GCC_493\Debug\Switches.a(gpio_isr.o)
 .text.gpio_isr_GetPriority
                0x00000000       0x10 .\CortexM0\ARM_GCC_493\Debug\Switches.a(gpio_isr.o)
 .text.gpio_isr_GetState
                0x00000000       0x10 .\CortexM0\ARM_GCC_493\Debug\Switches.a(gpio_isr.o)
 .text.gpio_isr_Start
                0x00000000       0x1c .\CortexM0\ARM_GCC_493\Debug\Switches.a(gpio_isr.o)
 .text.gpio_isr_Stop
                0x00000000       0x14 .\CortexM0\ARM_GCC_493\Debug\Switches.a(gpio_isr.o)
 .text.gpio_isr_SetPending
                0x00000000        0xc .\CortexM0\ARM_GCC_493\Debug\Switches.a(gpio_isr.o)
 .text          0x00000000        0x0 .\CortexM0\ARM_GCC_493\Debug\Switches.a(UART_SPI_UART.o)
 .data          0x00000000        0x0 .\CortexM0\ARM_GCC_493\Debug\Switches.a(UART_SPI_UART.o)
 .bss           0x00000000        0x0 .\CortexM0\ARM_GCC_493\Debug\Switches.a(UART_SPI_UART.o)
 .text.UART_SpiUartReadRxData
                0x00000000        0xc .\CortexM0\ARM_GCC_493\Debug\Switches.a(UART_SPI_UART.o)
 .text.UART_SpiUartGetRxBufferSize
                0x00000000       0x10 .\CortexM0\ARM_GCC_493\Debug\Switches.a(UART_SPI_UART.o)
 .text.UART_SpiUartClearRxBuffer
                0x00000000       0x20 .\CortexM0\ARM_GCC_493\Debug\Switches.a(UART_SPI_UART.o)
 .text.UART_SpiUartPutArray
                0x00000000       0x18 .\CortexM0\ARM_GCC_493\Debug\Switches.a(UART_SPI_UART.o)
 .text.UART_SpiUartGetTxBufferSize
                0x00000000       0x10 .\CortexM0\ARM_GCC_493\Debug\Switches.a(UART_SPI_UART.o)
 .text.UART_SpiUartClearTxBuffer
                0x00000000       0x20 .\CortexM0\ARM_GCC_493\Debug\Switches.a(UART_SPI_UART.o)
 .text.UART_SpiUartDisableIntRx
                0x00000000       0x10 .\CortexM0\ARM_GCC_493\Debug\Switches.a(UART_SPI_UART.o)
 .text.UART_SpiUartDisableIntTx
                0x00000000       0x10 .\CortexM0\ARM_GCC_493\Debug\Switches.a(UART_SPI_UART.o)
 .text          0x00000000      0x120 c:/program files (x86)/cypress/psoc creator/3.3/psoc creator/import/gnu/arm/4.9.3/bin/../lib/gcc/arm-none-eabi/4.9.3/armv6-m\libgcc.a(_udivsi3.o)
 .data          0x00000000        0x0 c:/program files (x86)/cypress/psoc creator/3.3/psoc creator/import/gnu/arm/4.9.3/bin/../lib/gcc/arm-none-eabi/4.9.3/armv6-m\libgcc.a(_udivsi3.o)
 .bss           0x00000000        0x0 c:/program files (x86)/cypress/psoc creator/3.3/psoc creator/import/gnu/arm/4.9.3/bin/../lib/gcc/arm-none-eabi/4.9.3/armv6-m\libgcc.a(_udivsi3.o)
 .text          0x00000000        0x4 c:/program files (x86)/cypress/psoc creator/3.3/psoc creator/import/gnu/arm/4.9.3/bin/../lib/gcc/arm-none-eabi/4.9.3/armv6-m\libgcc.a(_dvmd_tls.o)
 .data          0x00000000        0x0 c:/program files (x86)/cypress/psoc creator/3.3/psoc creator/import/gnu/arm/4.9.3/bin/../lib/gcc/arm-none-eabi/4.9.3/armv6-m\libgcc.a(_dvmd_tls.o)
 .bss           0x00000000        0x0 c:/program files (x86)/cypress/psoc creator/3.3/psoc creator/import/gnu/arm/4.9.3/bin/../lib/gcc/arm-none-eabi/4.9.3/armv6-m\libgcc.a(_dvmd_tls.o)
 .text          0x00000000        0x0 c:/program files (x86)/cypress/psoc creator/3.3/psoc creator/import/gnu/arm/4.9.3/bin/../lib/gcc/arm-none-eabi/4.9.3/../../../../arm-none-eabi/lib/armv6-m\libg_nano.a(lib_a-errno.o)
 .data          0x00000000        0x0 c:/program files (x86)/cypress/psoc creator/3.3/psoc creator/import/gnu/arm/4.9.3/bin/../lib/gcc/arm-none-eabi/4.9.3/../../../../arm-none-eabi/lib/armv6-m\libg_nano.a(lib_a-errno.o)
 .bss           0x00000000        0x0 c:/program files (x86)/cypress/psoc creator/3.3/psoc creator/import/gnu/arm/4.9.3/bin/../lib/gcc/arm-none-eabi/4.9.3/../../../../arm-none-eabi/lib/armv6-m\libg_nano.a(lib_a-errno.o)
 .text.__errno  0x00000000        0xc c:/program files (x86)/cypress/psoc creator/3.3/psoc creator/import/gnu/arm/4.9.3/bin/../lib/gcc/arm-none-eabi/4.9.3/../../../../arm-none-eabi/lib/armv6-m\libg_nano.a(lib_a-errno.o)
 .text          0x00000000        0x0 c:/program files (x86)/cypress/psoc creator/3.3/psoc creator/import/gnu/arm/4.9.3/bin/../lib/gcc/arm-none-eabi/4.9.3/../../../../arm-none-eabi/lib/armv6-m\libg_nano.a(lib_a-exit.o)
 .data          0x00000000        0x0 c:/program files (x86)/cypress/psoc creator/3.3/psoc creator/import/gnu/arm/4.9.3/bin/../lib/gcc/arm-none-eabi/4.9.3/../../../../arm-none-eabi/lib/armv6-m\libg_nano.a(lib_a-exit.o)
 .bss           0x00000000        0x0 c:/program files (x86)/cypress/psoc creator/3.3/psoc creator/import/gnu/arm/4.9.3/bin/../lib/gcc/arm-none-eabi/4.9.3/../../../../arm-none-eabi/lib/armv6-m\libg_nano.a(lib_a-exit.o)
 .text.exit     0x00000000       0x2c c:/program files (x86)/cypress/psoc creator/3.3/psoc creator/import/gnu/arm/4.9.3/bin/../lib/gcc/arm-none-eabi/4.9.3/../../../../arm-none-eabi/lib/armv6-m\libg_nano.a(lib_a-exit.o)
 .text          0x00000000        0x0 c:/program files (x86)/cypress/psoc creator/3.3/psoc creator/import/gnu/arm/4.9.3/bin/../lib/gcc/arm-none-eabi/4.9.3/../../../../arm-none-eabi/lib/armv6-m\libg_nano.a(lib_a-impure.o)
 .data          0x00000000        0x0 c:/program files (x86)/cypress/psoc creator/3.3/psoc creator/import/gnu/arm/4.9.3/bin/../lib/gcc/arm-none-eabi/4.9.3/../../../../arm-none-eabi/lib/armv6-m\libg_nano.a(lib_a-impure.o)
 .bss           0x00000000        0x0 c:/program files (x86)/cypress/psoc creator/3.3/psoc creator/import/gnu/arm/4.9.3/bin/../lib/gcc/arm-none-eabi/4.9.3/../../../../arm-none-eabi/lib/armv6-m\libg_nano.a(lib_a-impure.o)
 .data.impure_data
                0x00000000       0x60 c:/program files (x86)/cypress/psoc creator/3.3/psoc creator/import/gnu/arm/4.9.3/bin/../lib/gcc/arm-none-eabi/4.9.3/../../../../arm-none-eabi/lib/armv6-m\libg_nano.a(lib_a-impure.o)
 .data._impure_ptr
                0x00000000        0x4 c:/program files (x86)/cypress/psoc creator/3.3/psoc creator/import/gnu/arm/4.9.3/bin/../lib/gcc/arm-none-eabi/4.9.3/../../../../arm-none-eabi/lib/armv6-m\libg_nano.a(lib_a-impure.o)
 .rodata.str1.1
                0x00000000        0x2 c:/program files (x86)/cypress/psoc creator/3.3/psoc creator/import/gnu/arm/4.9.3/bin/../lib/gcc/arm-none-eabi/4.9.3/../../../../arm-none-eabi/lib/armv6-m\libg_nano.a(lib_a-impure.o)
 .rodata._global_impure_ptr
                0x00000000        0x4 c:/program files (x86)/cypress/psoc creator/3.3/psoc creator/import/gnu/arm/4.9.3/bin/../lib/gcc/arm-none-eabi/4.9.3/../../../../arm-none-eabi/lib/armv6-m\libg_nano.a(lib_a-impure.o)
 .text          0x00000000        0x0 c:/program files (x86)/cypress/psoc creator/3.3/psoc creator/import/gnu/arm/4.9.3/bin/../lib/gcc/arm-none-eabi/4.9.3/../../../../arm-none-eabi/lib/armv6-m\libg_nano.a(lib_a-init.o)
 .data          0x00000000        0x0 c:/program files (x86)/cypress/psoc creator/3.3/psoc creator/import/gnu/arm/4.9.3/bin/../lib/gcc/arm-none-eabi/4.9.3/../../../../arm-none-eabi/lib/armv6-m\libg_nano.a(lib_a-init.o)
 .bss           0x00000000        0x0 c:/program files (x86)/cypress/psoc creator/3.3/psoc creator/import/gnu/arm/4.9.3/bin/../lib/gcc/arm-none-eabi/4.9.3/../../../../arm-none-eabi/lib/armv6-m\libg_nano.a(lib_a-init.o)
 .text          0x00000000        0x0 c:/program files (x86)/cypress/psoc creator/3.3/psoc creator/import/gnu/arm/4.9.3/bin/../lib/gcc/arm-none-eabi/4.9.3/../../../../arm-none-eabi/lib/armv6-m\libg_nano.a(lib_a-memset.o)
 .data          0x00000000        0x0 c:/program files (x86)/cypress/psoc creator/3.3/psoc creator/import/gnu/arm/4.9.3/bin/../lib/gcc/arm-none-eabi/4.9.3/../../../../arm-none-eabi/lib/armv6-m\libg_nano.a(lib_a-memset.o)
 .bss           0x00000000        0x0 c:/program files (x86)/cypress/psoc creator/3.3/psoc creator/import/gnu/arm/4.9.3/bin/../lib/gcc/arm-none-eabi/4.9.3/../../../../arm-none-eabi/lib/armv6-m\libg_nano.a(lib_a-memset.o)
 .text          0x00000000        0x0 c:/program files (x86)/cypress/psoc creator/3.3/psoc creator/import/gnu/arm/4.9.3/bin/../lib/gcc/arm-none-eabi/4.9.3/armv6-m/crtend.o
 .data          0x00000000        0x0 c:/program files (x86)/cypress/psoc creator/3.3/psoc creator/import/gnu/arm/4.9.3/bin/../lib/gcc/arm-none-eabi/4.9.3/armv6-m/crtend.o
 .bss           0x00000000        0x0 c:/program files (x86)/cypress/psoc creator/3.3/psoc creator/import/gnu/arm/4.9.3/bin/../lib/gcc/arm-none-eabi/4.9.3/armv6-m/crtend.o
 .text          0x00000000        0x0 c:/program files (x86)/cypress/psoc creator/3.3/psoc creator/import/gnu/arm/4.9.3/bin/../lib/gcc/arm-none-eabi/4.9.3/armv6-m/crtn.o
 .data          0x00000000        0x0 c:/program files (x86)/cypress/psoc creator/3.3/psoc creator/import/gnu/arm/4.9.3/bin/../lib/gcc/arm-none-eabi/4.9.3/armv6-m/crtn.o
 .bss           0x00000000        0x0 c:/program files (x86)/cypress/psoc creator/3.3/psoc creator/import/gnu/arm/4.9.3/bin/../lib/gcc/arm-none-eabi/4.9.3/armv6-m/crtn.o

Memory Configuration

Name             Origin             Length             Attributes
rom              0x00000000         0x00020000         xr
ram              0x20000000         0x00004000         xrw
*default*        0x00000000         0xffffffff

Linker script and memory map

LOAD c:/program files (x86)/cypress/psoc creator/3.3/psoc creator/import/gnu/arm/4.9.3/bin/../lib/gcc/arm-none-eabi/4.9.3/armv6-m/crti.o
LOAD c:/program files (x86)/cypress/psoc creator/3.3/psoc creator/import/gnu/arm/4.9.3/bin/../lib/gcc/arm-none-eabi/4.9.3/armv6-m/crtbegin.o
LOAD c:/program files (x86)/cypress/psoc creator/3.3/psoc creator/import/gnu/arm/4.9.3/bin/../lib/gcc/arm-none-eabi/4.9.3/../../../../arm-none-eabi/lib/armv6-m/crt0.o
START GROUP
LOAD .\CortexM0\ARM_GCC_493\Debug\main.o
LOAD .\CortexM0\ARM_GCC_493\Debug\cymetadata.o
LOAD .\CortexM0\ARM_GCC_493\Debug\Cm0Start.o
LOAD .\CortexM0\ARM_GCC_493\Debug\Switches.a
LOAD C:\Program Files (x86)\Cypress\PSoC Creator\3.3\PSoC Creator\psoc\content\cycomponentlibrary\CyComponentLibrary.cylib\CortexM0\ARM_GCC_493\Debug\CyComponentLibrary.a
END GROUP
START GROUP
LOAD c:/program files (x86)/cypress/psoc creator/3.3/psoc creator/import/gnu/arm/4.9.3/bin/../lib/gcc/arm-none-eabi/4.9.3/armv6-m\libgcc.a
LOAD c:/program files (x86)/cypress/psoc creator/3.3/psoc creator/import/gnu/arm/4.9.3/bin/../lib/gcc/arm-none-eabi/4.9.3/../../../../arm-none-eabi/lib/armv6-m\libg_nano.a
LOAD c:/program files (x86)/cypress/psoc creator/3.3/psoc creator/import/gnu/arm/4.9.3/bin/../lib/gcc/arm-none-eabi/4.9.3/../../../../arm-none-eabi/lib/armv6-m\libc_nano.a
END GROUP
START GROUP
LOAD c:/program files (x86)/cypress/psoc creator/3.3/psoc creator/import/gnu/arm/4.9.3/bin/../lib/gcc/arm-none-eabi/4.9.3/armv6-m\libgcc.a
LOAD c:/program files (x86)/cypress/psoc creator/3.3/psoc creator/import/gnu/arm/4.9.3/bin/../lib/gcc/arm-none-eabi/4.9.3/../../../../arm-none-eabi/lib/armv6-m\libc_nano.a
END GROUP
LOAD c:/program files (x86)/cypress/psoc creator/3.3/psoc creator/import/gnu/arm/4.9.3/bin/../lib/gcc/arm-none-eabi/4.9.3/armv6-m/crtend.o
LOAD c:/program files (x86)/cypress/psoc creator/3.3/psoc creator/import/gnu/arm/4.9.3/bin/../lib/gcc/arm-none-eabi/4.9.3/armv6-m/crtn.o
START GROUP
LOAD c:/program files (x86)/cypress/psoc creator/3.3/psoc creator/import/gnu/arm/4.9.3/bin/../lib/gcc/arm-none-eabi/4.9.3/armv6-m\libgcc.a
LOAD c:/program files (x86)/cypress/psoc creator/3.3/psoc creator/import/gnu/arm/4.9.3/bin/../lib/gcc/arm-none-eabi/4.9.3/../../../../arm-none-eabi/lib/armv6-m\libc.a
LOAD c:/program files (x86)/cypress/psoc creator/3.3/psoc creator/import/gnu/arm/4.9.3/bin/../lib/gcc/arm-none-eabi/4.9.3/../../../../arm-none-eabi/lib/armv6-m\libnosys.a
END GROUP
                0x00000000                CY_APPL_ORIGIN = 0x0
                0x00000080                CY_FLASH_ROW_SIZE = 0x80
                0x00000001                CY_APPL_NUM = 0x1
                0x00000001                CY_APPL_MAX = 0x1
                0x00000040                CY_METADATA_SIZE = 0x40
                0x00000000                CY_APPL_LOADABLE = 0x0
                0x00000000                CY_CHECKSUM_EXCLUDE_SIZE = ALIGN (0x0, CY_FLASH_ROW_SIZE)
                0x00000000                CY_APP_FOR_STACK_AND_COPIER = 0x0
                0x20000138                PROVIDE (__cy_heap_start, _end)
                0x00000001                PROVIDE (__cy_region_num, ((__cy_regions_end - __cy_regions) / 0x10))
                0x20004000                PROVIDE (__cy_stack, (ORIGIN (ram) + 0x4000))
                0x20003800                PROVIDE (__cy_heap_end, (__cy_stack - 0x800))

.cybootloader   0x00000000        0x0
 *(.cybootloader)
                0x00000000                appl1_start = CY_APPL_ORIGIN?CY_APPL_ORIGIN:ALIGN (CY_FLASH_ROW_SIZE)
                0x0000ff80                appl2_start = (appl1_start + ALIGN ((((0x20000 - appl1_start) - (0x2 * CY_FLASH_ROW_SIZE)) / 0x2), CY_FLASH_ROW_SIZE))
                0x00000000                appl_start = (CY_APPL_NUM == 0x1)?appl1_start:appl2_start
                0x00000001                cy_project_type_bootloader = (appl_start == 0x0)?0x1:0x0
                0x00000000                cy_project_type_app_for_stack_and_copier = (CY_APP_FOR_STACK_AND_COPIER == 0x1)?0x1:0x0

.text           0x00000000      0x900
 CREATE_OBJECT_SYMBOLS
                0x00000000                PROVIDE (__cy_interrupt_vector, RomVectors)
 *(.romvectors)
 .romvectors    0x00000000       0x10 .\CortexM0\ARM_GCC_493\Debug\Cm0Start.o
                0x00000000                RomVectors
                0x00000001                ASSERT ((. != __cy_interrupt_vector), No interrupt vector)
                0x00000001                ASSERT (CY_APPL_ORIGIN?(SIZEOF (.cybootloader) <= CY_APPL_ORIGIN):0x1, Wrong image location)
                0x00000010                PROVIDE (__cy_reset, Reset)
 *(.text.Reset)
 .text.Reset    0x00000010        0x8 .\CortexM0\ARM_GCC_493\Debug\Cm0Start.o
                0x00000010                Reset
                0x00000001                ASSERT ((. != __cy_reset), No reset code)
 *(.psocinit)
 .psocinit      0x00000018      0x1b0 .\CortexM0\ARM_GCC_493\Debug\Switches.a(cyfitter_cfg.o)
                0x000000e8                cyfitter_cfg
                0x000001c8                . = MAX (., 0x100)
 *(.text .text.* .gnu.linkonce.t.*)
 .text          0x000001c8       0x60 c:/program files (x86)/cypress/psoc creator/3.3/psoc creator/import/gnu/arm/4.9.3/bin/../lib/gcc/arm-none-eabi/4.9.3/armv6-m/crtbegin.o
 .text.Shifter_ISR
                0x00000228       0x58 .\CortexM0\ARM_GCC_493\Debug\main.o
                0x00000228                Shifter_ISR
 .text.main     0x00000280       0x30 .\CortexM0\ARM_GCC_493\Debug\main.o
                0x00000280                main
 .text.IntDefaultHandler
                0x000002b0        0x4 .\CortexM0\ARM_GCC_493\Debug\Cm0Start.o
                0x000002b0                IntDefaultHandler
 .text.Start_c  0x000002b4       0x48 .\CortexM0\ARM_GCC_493\Debug\Cm0Start.o
                0x000002b4                Start_c
 .text.initialize_psoc
                0x000002fc       0x54 .\CortexM0\ARM_GCC_493\Debug\Cm0Start.o
                0x000002fc                initialize_psoc
 .text.cfg_write_bytes32
                0x00000350       0x34 .\CortexM0\ARM_GCC_493\Debug\Switches.a(cyfitter_cfg.o)
 .text.AnalogSetDefault
                0x00000384       0x20 .\CortexM0\ARM_GCC_493\Debug\Switches.a(cyfitter_cfg.o)
 .text.CYMEMZERO
                0x000003a4        0xc .\CortexM0\ARM_GCC_493\Debug\Switches.a(cyfitter_cfg.o)
 .text          0x000003b0       0x20 .\CortexM0\ARM_GCC_493\Debug\Switches.a(CyBootAsmGnu.o)
                0x000003b0                CyDelayCycles
                0x000003c2                CyEnterCriticalSection
                0x000003ca                CyExitCriticalSection
 .text.CySysClkWriteImoFreq
                0x000003d0       0x64 .\CortexM0\ARM_GCC_493\Debug\Switches.a(CyLib.o)
                0x000003d0                CySysClkWriteImoFreq
 .text.CySysClkEcoReadStatus
                0x00000434       0x10 .\CortexM0\ARM_GCC_493\Debug\Switches.a(CyLib.o)
                0x00000434                CySysClkEcoReadStatus
 .text.CyIntEnable
                0x00000444       0x14 .\CortexM0\ARM_GCC_493\Debug\Switches.a(CyLib.o)
                0x00000444                CyIntEnable
 .text.CyHalt   0x00000458        0x4 .\CortexM0\ARM_GCC_493\Debug\Switches.a(CyLib.o)
                0x00000458                CyHalt
 .text.CyIntSetVector
                0x0000045c       0x24 .\CortexM0\ARM_GCC_493\Debug\Switches.a(CyLib.o)
                0x0000045c                CyIntSetVector
 .text.CyDelayUs
                0x00000480       0x14 .\CortexM0\ARM_GCC_493\Debug\Switches.a(CyLib.o)
                0x00000480                CyDelayUs
 .text.CySysClkEcoStart
                0x00000494       0x54 .\CortexM0\ARM_GCC_493\Debug\Switches.a(CyLib.o)
                0x00000494                CySysClkEcoStart
 .text.CySysWdtLocked
                0x000004e8       0x14 .\CortexM0\ARM_GCC_493\Debug\Switches.a(CyLFClk.o)
 .text.CySysClkWcoStart
                0x000004fc       0x40 .\CortexM0\ARM_GCC_493\Debug\Switches.a(CyLFClk.o)
                0x000004fc                CySysClkWcoStart
 .text.CySysClkWcoSetPowerMode
                0x0000053c       0x80 .\CortexM0\ARM_GCC_493\Debug\Switches.a(CyLFClk.o)
                0x0000053c                CySysClkWcoSetPowerMode
 .text.CySysWdtLock
                0x000005bc       0x1c .\CortexM0\ARM_GCC_493\Debug\Switches.a(CyLFClk.o)
                0x000005bc                CySysWdtLock
 .text.CySysWdtUnlock
                0x000005d8       0x30 .\CortexM0\ARM_GCC_493\Debug\Switches.a(CyLFClk.o)
                0x000005d8                CySysWdtUnlock
 .text.CySysWdtClearInterrupt
                0x00000608       0x4c .\CortexM0\ARM_GCC_493\Debug\Switches.a(CyLFClk.o)
                0x00000608                CySysWdtClearInterrupt
 .text.CySysWdtIsr
                0x00000654       0xa4 .\CortexM0\ARM_GCC_493\Debug\Switches.a(CyLFClk.o)
                0x00000654                CySysWdtIsr
 .text.UART_ScbModePostEnable
                0x000006f8        0x8 .\CortexM0\ARM_GCC_493\Debug\Switches.a(UART.o)
 .text.UART_Init
                0x00000700        0x8 .\CortexM0\ARM_GCC_493\Debug\Switches.a(UART.o)
                0x00000700                UART_Init
 .text.UART_Enable
                0x00000708       0x18 .\CortexM0\ARM_GCC_493\Debug\Switches.a(UART.o)
                0x00000708                UART_Enable
 .text.UART_Start
                0x00000720       0x20 .\CortexM0\ARM_GCC_493\Debug\Switches.a(UART.o)
                0x00000720                UART_Start
 .text.UART_UartInit
                0x00000740       0x98 .\CortexM0\ARM_GCC_493\Debug\Switches.a(UART_UART.o)
                0x00000740                UART_UartInit
 .text.UART_UartPostEnable
                0x000007d8       0x1c .\CortexM0\ARM_GCC_493\Debug\Switches.a(UART_UART.o)
                0x000007d8                UART_UartPostEnable
 .text.UART_UartPutString
                0x000007f4       0x18 .\CortexM0\ARM_GCC_493\Debug\Switches.a(UART_UART.o)
                0x000007f4                UART_UartPutString
 .text.shifter_switches_ClearInterrupt
                0x0000080c       0x10 .\CortexM0\ARM_GCC_493\Debug\Switches.a(shifter_switches.o)
                0x0000080c                shifter_switches_ClearInterrupt
 .text.gpio_isr_SetVector
                0x0000081c        0xc .\CortexM0\ARM_GCC_493\Debug\Switches.a(gpio_isr.o)
                0x0000081c                gpio_isr_SetVector
 .text.gpio_isr_SetPriority
                0x00000828       0x20 .\CortexM0\ARM_GCC_493\Debug\Switches.a(gpio_isr.o)
                0x00000828                gpio_isr_SetPriority
 .text.gpio_isr_Enable
                0x00000848        0xc .\CortexM0\ARM_GCC_493\Debug\Switches.a(gpio_isr.o)
                0x00000848                gpio_isr_Enable
 .text.gpio_isr_Disable
                0x00000854        0xc .\CortexM0\ARM_GCC_493\Debug\Switches.a(gpio_isr.o)
                0x00000854                gpio_isr_Disable
 .text.gpio_isr_StartEx
                0x00000860       0x1c .\CortexM0\ARM_GCC_493\Debug\Switches.a(gpio_isr.o)
                0x00000860                gpio_isr_StartEx
 .text.gpio_isr_ClearPending
                0x0000087c        0xc .\CortexM0\ARM_GCC_493\Debug\Switches.a(gpio_isr.o)
                0x0000087c                gpio_isr_ClearPending
 .text.UART_SpiUartWriteTxData
                0x00000888       0x1c .\CortexM0\ARM_GCC_493\Debug\Switches.a(UART_SPI_UART.o)
                0x00000888                UART_SpiUartWriteTxData
 .text.__libc_init_array
                0x000008a4       0x4c c:/program files (x86)/cypress/psoc creator/3.3/psoc creator/import/gnu/arm/4.9.3/bin/../lib/gcc/arm-none-eabi/4.9.3/../../../../arm-none-eabi/lib/armv6-m\libg_nano.a(lib_a-init.o)
                0x000008a4                __libc_init_array
 .text.memset   0x000008f0       0x10 c:/program files (x86)/cypress/psoc creator/3.3/psoc creator/import/gnu/arm/4.9.3/bin/../lib/gcc/arm-none-eabi/4.9.3/../../../../arm-none-eabi/lib/armv6-m\libg_nano.a(lib_a-memset.o)
                0x000008f0                memset
 *(.plt)
 *(.gnu.warning)
 *(.glue_7t)
 .glue_7t       0x00000000        0x0 linker stubs
 *(.glue_7)
 .glue_7        0x00000000        0x0 linker stubs
 *(.vfp11_veneer)
 .vfp11_veneer  0x00000000        0x0 linker stubs
 *(.bootloader)
 *(.ARM.extab* .gnu.linkonce.armextab.*)
 *(.gcc_except_table)

.v4_bx          0x00000900        0x0
 .v4_bx         0x00000000        0x0 linker stubs

.iplt           0x00000900        0x0
 .iplt          0x00000000        0x0 c:/program files (x86)/cypress/psoc creator/3.3/psoc creator/import/gnu/arm/4.9.3/bin/../lib/gcc/arm-none-eabi/4.9.3/armv6-m/crtbegin.o

.eh_frame_hdr
 *(.eh_frame_hdr)

.eh_frame       0x00000900        0x4
 *(.eh_frame)
 .eh_frame      0x00000900        0x0 c:/program files (x86)/cypress/psoc creator/3.3/psoc creator/import/gnu/arm/4.9.3/bin/../lib/gcc/arm-none-eabi/4.9.3/armv6-m/crtbegin.o
 .eh_frame      0x00000900        0x4 c:/program files (x86)/cypress/psoc creator/3.3/psoc creator/import/gnu/arm/4.9.3/bin/../lib/gcc/arm-none-eabi/4.9.3/armv6-m/crtend.o
                0x00000904                PROVIDE (__exidx_start, .)

.ARM.exidx
 *(.ARM.exidx* .gnu.linkonce.armexidx.*)
                0x00000904                __exidx_end = .

.rodata         0x00000904       0xbc
 *(.rodata .rodata.* .gnu.linkonce.r.*)
 .rodata.str1.4
                0x00000904       0x40 .\CortexM0\ARM_GCC_493\Debug\main.o
 .rodata        0x00000944       0x14 .\CortexM0\ARM_GCC_493\Debug\Switches.a(cyfitter_cfg.o)
 .rodata        0x00000958       0x30 .\CortexM0\ARM_GCC_493\Debug\Switches.a(CyLib.o)
                0x00000958                cyImoFreqMhz2Reg
                0x00000988                . = ALIGN (0x4)
 *(.init)
 .init          0x00000988        0x4 c:/program files (x86)/cypress/psoc creator/3.3/psoc creator/import/gnu/arm/4.9.3/bin/../lib/gcc/arm-none-eabi/4.9.3/armv6-m/crti.o
                0x00000988                _init
 .init          0x0000098c        0x8 c:/program files (x86)/cypress/psoc creator/3.3/psoc creator/import/gnu/arm/4.9.3/bin/../lib/gcc/arm-none-eabi/4.9.3/armv6-m/crtn.o
                0x00000994                . = ALIGN (0x4)
                0x00000994                __preinit_array_start = .
 *(.preinit_array)
                0x00000994                __preinit_array_end = .
                0x00000994                . = ALIGN (0x4)
                0x00000994                __init_array_start = .
 *(SORT(.init_array.*))
 *(.init_array)
 .init_array    0x00000994        0x4 c:/program files (x86)/cypress/psoc creator/3.3/psoc creator/import/gnu/arm/4.9.3/bin/../lib/gcc/arm-none-eabi/4.9.3/armv6-m/crtbegin.o
 .init_array    0x00000998        0x4 .\CortexM0\ARM_GCC_493\Debug\Cm0Start.o
                0x0000099c                __init_array_end = .
                0x0000099c                . = ALIGN (0x4)
 *(.fini)
 .fini          0x0000099c        0x4 c:/program files (x86)/cypress/psoc creator/3.3/psoc creator/import/gnu/arm/4.9.3/bin/../lib/gcc/arm-none-eabi/4.9.3/armv6-m/crti.o
                0x0000099c                _fini
 .fini          0x000009a0        0x8 c:/program files (x86)/cypress/psoc creator/3.3/psoc creator/import/gnu/arm/4.9.3/bin/../lib/gcc/arm-none-eabi/4.9.3/armv6-m/crtn.o
                0x000009a8                . = ALIGN (0x4)
                0x000009a8                __fini_array_start = .
 *(.fini_array)
 .fini_array    0x000009a8        0x4 c:/program files (x86)/cypress/psoc creator/3.3/psoc creator/import/gnu/arm/4.9.3/bin/../lib/gcc/arm-none-eabi/4.9.3/armv6-m/crtbegin.o
 *(SORT(.fini_array.*))
                0x000009ac                __fini_array_end = .
                0x000009ac                . = ALIGN (0x4)
 *crtbegin.o(.ctors)
 *(EXCLUDE_FILE(*crtend.o) .ctors)
 *(SORT(.ctors.*))
 *crtend.o(.ctors)
                0x000009ac                . = ALIGN (0x4)
 *crtbegin.o(.dtors)
 *(EXCLUDE_FILE(*crtend.o) .dtors)
 *(SORT(.dtors.*))
 *crtend.o(.dtors)
                0x000009ac                . = ALIGN (0x4)
                0x000009ac                __cy_regions = .
                0x000009ac        0x4 LONG 0x9c0 __cy_region_init_ram
                0x000009b0        0x4 LONG 0x200000c8 __cy_region_start_data
                0x000009b4        0x4 LONG 0x18 __cy_region_init_size_ram
                0x000009b8        0x4 LONG 0x58 __cy_region_zero_size_ram
                0x000009bc                __cy_regions_end = .
                0x000009c0                . = ALIGN (0x8)
 *fill*         0x000009bc        0x4 
                0x000009c0                _etext = .

.cy_checksum_exclude
                0x000009c0        0x0
 *(.cy_checksum_exclude)

.ramvectors     0x20000000       0xc0
                0x20000000                __cy_region_start_ram = .
 *(.ramvectors)
 .ramvectors    0x20000000       0xc0 .\CortexM0\ARM_GCC_493\Debug\Cm0Start.o
                0x20000000                CyRamVectors

.noinit         0x200000c0        0x4
 *(.noinit)
 .noinit        0x200000c0        0x4 .\CortexM0\ARM_GCC_493\Debug\Cm0Start.o

.data           0x200000c8       0x18 load address 0x000009c0
                0x200000c8                __cy_region_start_data = .
 *(.jcr)
 .jcr           0x200000c8        0x0 c:/program files (x86)/cypress/psoc creator/3.3/psoc creator/import/gnu/arm/4.9.3/bin/../lib/gcc/arm-none-eabi/4.9.3/armv6-m/crtbegin.o
 .jcr           0x200000c8        0x4 c:/program files (x86)/cypress/psoc creator/3.3/psoc creator/import/gnu/arm/4.9.3/bin/../lib/gcc/arm-none-eabi/4.9.3/armv6-m/crtend.o
 *(.got.plt)
 *(.got)
 *(.shdata)
 *(.data .data.* .gnu.linkonce.d.*)
 .data          0x200000cc       0x10 .\CortexM0\ARM_GCC_493\Debug\Switches.a(CyLib.o)
                0x200000cc                cydelay32kMs
                0x200000d0                cydelayFreqKhz
                0x200000d4                cydelayFreqMhz
                0x200000d8                cydelayFreqHz
 .data          0x200000dc        0x4 .\CortexM0\ARM_GCC_493\Debug\Switches.a(CyLFClk.o)
                0x200000e0                . = ALIGN (0x8)
 *(.ram)
                0x200000e0                _edata = .

.igot.plt       0x200000e0        0x0 load address 0x000009d8
 .igot.plt      0x00000000        0x0 c:/program files (x86)/cypress/psoc creator/3.3/psoc creator/import/gnu/arm/4.9.3/bin/../lib/gcc/arm-none-eabi/4.9.3/armv6-m/crtbegin.o

.bss            0x200000e0       0x58 load address 0x000009d8
                0x200000e0                PROVIDE (__bss_start__, .)
 *(.shbss)
 *(.bss .bss.* .gnu.linkonce.b.*)
 .bss           0x200000e0       0x1c c:/program files (x86)/cypress/psoc creator/3.3/psoc creator/import/gnu/arm/4.9.3/bin/../lib/gcc/arm-none-eabi/4.9.3/armv6-m/crtbegin.o
 .bss           0x200000fc       0x1c .\CortexM0\ARM_GCC_493\Debug\main.o
                0x200000fc                shift_command
                0x20000100                regVal
                0x20000104                buffer
 .bss           0x20000118       0x1c .\CortexM0\ARM_GCC_493\Debug\Switches.a(CyLFClk.o)
 .bss           0x20000134        0x1 .\CortexM0\ARM_GCC_493\Debug\Switches.a(UART.o)
                0x20000134                UART_initVar
 *(COMMON)
                0x20000138                . = ALIGN (0x8)
 *fill*         0x20000135        0x3 
 *(.ram.b)
                0x20000138                _end = .
                0x20000138                __end = .
                0x20000138                PROVIDE (end, .)
                0x20000138                PROVIDE (__bss_end__, .)
                0x000009c0                __cy_region_init_ram = LOADADDR (.data)
                0x00000018                __cy_region_init_size_ram = (_edata - ADDR (.data))
                0x00000058                __cy_region_zero_size_ram = (_end - _edata)

.heap           0x20000138       0x80 load address 0x000009d8
                0x20000138                . = _end
                0x200001b8                . = (. + 0x80)
 *fill*         0x20000138       0x80 
                0x200001b8                __cy_heap_limit = .

.stack          0x20003800      0x800
                0x20003800                __cy_stack_limit = .
                0x20004000                . = (. + 0x800)
 *fill*         0x20003800      0x800 
                0x00000001                ASSERT ((__cy_stack_limit >= __cy_heap_limit), region RAM overflowed with stack)
                0x00000000                cy_checksum_exclude_size = (CY_APPL_LOADABLE == 0x1)?SIZEOF (.cy_checksum_exclude):0x0
                0x00000001                ASSERT ((cy_checksum_exclude_size <= CY_CHECKSUM_EXCLUDE_SIZE), CY_BOOT: Section .cy_checksum_exclude size exceedes specified limit.)
                0x0001ffc0                cyloadermeta_start = (cy_project_type_bootloader || cy_project_type_app_for_stack_and_copier)?(0x20000 - CY_METADATA_SIZE):0xf0000000

.cyloadermeta
 *(.cyloadermeta)
                0x0001ffc0                cyloadablemeta_start = cy_project_type_app_for_stack_and_copier?((0x20000 - CY_FLASH_ROW_SIZE) - CY_METADATA_SIZE):((0x20000 - (CY_FLASH_ROW_SIZE * (CY_APPL_NUM - 0x1))) - CY_METADATA_SIZE)

.cyloadablemeta
 *(.cyloadablemeta)

.cyflashprotect
                0x90400000       0x80
 *(.cyflashprotect)
 .cyflashprotect
                0x90400000       0x80 .\CortexM0\ARM_GCC_493\Debug\cymetadata.o
                0x90400000                cy_meta_flashprotect

.cymeta         0x90500000        0xc
 *(.cymeta)
 .cymeta        0x90500000        0xc .\CortexM0\ARM_GCC_493\Debug\cymetadata.o
                0x90500000                cy_metadata

.cychipprotect  0x90600000        0x4
 *(.cychipprotect)
 .cychipprotect
                0x90600000        0x4 .\CortexM0\ARM_GCC_493\Debug\cymetadata.o
                0x90600000                cy_meta_chipprotect

.rel.dyn        0x000009d8        0x0 load address 0x90600004
 .rel.iplt      0x00000000        0x0 c:/program files (x86)/cypress/psoc creator/3.3/psoc creator/import/gnu/arm/4.9.3/bin/../lib/gcc/arm-none-eabi/4.9.3/armv6-m/crtbegin.o

.stab
 *(.stab)

.stabstr
 *(.stabstr)

.debug
 *(.debug)

.line
 *(.line)

.debug_srcinfo
 *(.debug_srcinfo)

.debug_sfnames
 *(.debug_sfnames)

.debug_aranges  0x00000000      0x5d0
 *(.debug_aranges)
 .debug_aranges
                0x00000000       0x28 .\CortexM0\ARM_GCC_493\Debug\main.o
 .debug_aranges
                0x00000028       0x18 .\CortexM0\ARM_GCC_493\Debug\cymetadata.o
 .debug_aranges
                0x00000040       0x48 .\CortexM0\ARM_GCC_493\Debug\Cm0Start.o
 .debug_aranges
                0x00000088       0x40 .\CortexM0\ARM_GCC_493\Debug\Switches.a(cyfitter_cfg.o)
 .debug_aranges
                0x000000c8       0x20 .\CortexM0\ARM_GCC_493\Debug\Switches.a(CyBootAsmGnu.o)
 .debug_aranges
                0x000000e8      0x198 .\CortexM0\ARM_GCC_493\Debug\Switches.a(CyLib.o)
 .debug_aranges
                0x00000280      0x150 .\CortexM0\ARM_GCC_493\Debug\Switches.a(CyLFClk.o)
 .debug_aranges
                0x000003d0       0x58 .\CortexM0\ARM_GCC_493\Debug\Switches.a(UART.o)
 .debug_aranges
                0x00000428       0x88 .\CortexM0\ARM_GCC_493\Debug\Switches.a(UART_UART.o)
 .debug_aranges
                0x000004b0       0x40 .\CortexM0\ARM_GCC_493\Debug\Switches.a(shifter_switches.o)
 .debug_aranges
                0x000004f0       0x80 .\CortexM0\ARM_GCC_493\Debug\Switches.a(gpio_isr.o)
 .debug_aranges
                0x00000570       0x60 .\CortexM0\ARM_GCC_493\Debug\Switches.a(UART_SPI_UART.o)

.debug_pubnames
 *(.debug_pubnames)

.debug_info     0x00000000     0x3049
 *(.debug_info .gnu.linkonce.wi.*)
 .debug_info    0x00000000      0x211 .\CortexM0\ARM_GCC_493\Debug\main.o
 .debug_info    0x00000211       0xfd .\CortexM0\ARM_GCC_493\Debug\cymetadata.o
 .debug_info    0x0000030e      0x38a .\CortexM0\ARM_GCC_493\Debug\Cm0Start.o
 .debug_info    0x00000698      0x491 .\CortexM0\ARM_GCC_493\Debug\Switches.a(cyfitter_cfg.o)
 .debug_info    0x00000b29       0x91 .\CortexM0\ARM_GCC_493\Debug\Switches.a(CyBootAsmGnu.o)
 .debug_info    0x00000bba      0xb1c .\CortexM0\ARM_GCC_493\Debug\Switches.a(CyLib.o)
 .debug_info    0x000016d6      0xdba .\CortexM0\ARM_GCC_493\Debug\Switches.a(CyLFClk.o)
 .debug_info    0x00002490      0x208 .\CortexM0\ARM_GCC_493\Debug\Switches.a(UART.o)
 .debug_info    0x00002698      0x350 .\CortexM0\ARM_GCC_493\Debug\Switches.a(UART_UART.o)
 .debug_info    0x000029e8      0x14e .\CortexM0\ARM_GCC_493\Debug\Switches.a(shifter_switches.o)
 .debug_info    0x00002b36      0x2fe .\CortexM0\ARM_GCC_493\Debug\Switches.a(gpio_isr.o)
 .debug_info    0x00002e34      0x215 .\CortexM0\ARM_GCC_493\Debug\Switches.a(UART_SPI_UART.o)

.debug_abbrev   0x00000000     0x1045
 *(.debug_abbrev)
 .debug_abbrev  0x00000000      0x139 .\CortexM0\ARM_GCC_493\Debug\main.o
 .debug_abbrev  0x00000139       0x5d .\CortexM0\ARM_GCC_493\Debug\cymetadata.o
 .debug_abbrev  0x00000196      0x1fe .\CortexM0\ARM_GCC_493\Debug\Cm0Start.o
 .debug_abbrev  0x00000394      0x1fc .\CortexM0\ARM_GCC_493\Debug\Switches.a(cyfitter_cfg.o)
 .debug_abbrev  0x00000590       0x14 .\CortexM0\ARM_GCC_493\Debug\Switches.a(CyBootAsmGnu.o)
 .debug_abbrev  0x000005a4      0x20d .\CortexM0\ARM_GCC_493\Debug\Switches.a(CyLib.o)
 .debug_abbrev  0x000007b1      0x26d .\CortexM0\ARM_GCC_493\Debug\Switches.a(CyLFClk.o)
 .debug_abbrev  0x00000a1e       0xe2 .\CortexM0\ARM_GCC_493\Debug\Switches.a(UART.o)
 .debug_abbrev  0x00000b00      0x148 .\CortexM0\ARM_GCC_493\Debug\Switches.a(UART_UART.o)
 .debug_abbrev  0x00000c48       0xc6 .\CortexM0\ARM_GCC_493\Debug\Switches.a(shifter_switches.o)
 .debug_abbrev  0x00000d0e      0x1c1 .\CortexM0\ARM_GCC_493\Debug\Switches.a(gpio_isr.o)
 .debug_abbrev  0x00000ecf      0x176 .\CortexM0\ARM_GCC_493\Debug\Switches.a(UART_SPI_UART.o)

.debug_line     0x00000000     0x14ce
 *(.debug_line)
 .debug_line    0x00000000       0xc2 .\CortexM0\ARM_GCC_493\Debug\main.o
 .debug_line    0x000000c2       0x53 .\CortexM0\ARM_GCC_493\Debug\cymetadata.o
 .debug_line    0x00000115      0x249 .\CortexM0\ARM_GCC_493\Debug\Cm0Start.o
 .debug_line    0x0000035e      0x18d .\CortexM0\ARM_GCC_493\Debug\Switches.a(cyfitter_cfg.o)
 .debug_line    0x000004eb       0x68 .\CortexM0\ARM_GCC_493\Debug\Switches.a(CyBootAsmGnu.o)
 .debug_line    0x00000553      0x483 .\CortexM0\ARM_GCC_493\Debug\Switches.a(CyLib.o)
 .debug_line    0x000009d6      0x4cf .\CortexM0\ARM_GCC_493\Debug\Switches.a(CyLFClk.o)
 .debug_line    0x00000ea5      0x121 .\CortexM0\ARM_GCC_493\Debug\Switches.a(UART.o)
 .debug_line    0x00000fc6      0x1b6 .\CortexM0\ARM_GCC_493\Debug\Switches.a(UART_UART.o)
 .debug_line    0x0000117c       0xb6 .\CortexM0\ARM_GCC_493\Debug\Switches.a(shifter_switches.o)
 .debug_line    0x00001232      0x169 .\CortexM0\ARM_GCC_493\Debug\Switches.a(gpio_isr.o)
 .debug_line    0x0000139b      0x133 .\CortexM0\ARM_GCC_493\Debug\Switches.a(UART_SPI_UART.o)

.debug_frame    0x00000000      0xe78
 *(.debug_frame)
 .debug_frame   0x00000000       0x48 .\CortexM0\ARM_GCC_493\Debug\main.o
 .debug_frame   0x00000048       0xb0 .\CortexM0\ARM_GCC_493\Debug\Cm0Start.o
 .debug_frame   0x000000f8       0x9c .\CortexM0\ARM_GCC_493\Debug\Switches.a(cyfitter_cfg.o)
 .debug_frame   0x00000194      0x408 .\CortexM0\ARM_GCC_493\Debug\Switches.a(CyLib.o)
 .debug_frame   0x0000059c      0x400 .\CortexM0\ARM_GCC_493\Debug\Switches.a(CyLFClk.o)
 .debug_frame   0x0000099c       0xd8 .\CortexM0\ARM_GCC_493\Debug\Switches.a(UART.o)
 .debug_frame   0x00000a74      0x130 .\CortexM0\ARM_GCC_493\Debug\Switches.a(UART_UART.o)
 .debug_frame   0x00000ba4       0x60 .\CortexM0\ARM_GCC_493\Debug\Switches.a(shifter_switches.o)
 .debug_frame   0x00000c04      0x110 .\CortexM0\ARM_GCC_493\Debug\Switches.a(gpio_isr.o)
 .debug_frame   0x00000d14       0xb0 .\CortexM0\ARM_GCC_493\Debug\Switches.a(UART_SPI_UART.o)
 .debug_frame   0x00000dc4       0x20 c:/program files (x86)/cypress/psoc creator/3.3/psoc creator/import/gnu/arm/4.9.3/bin/../lib/gcc/arm-none-eabi/4.9.3/armv6-m\libgcc.a(_udivsi3.o)
 .debug_frame   0x00000de4       0x20 c:/program files (x86)/cypress/psoc creator/3.3/psoc creator/import/gnu/arm/4.9.3/bin/../lib/gcc/arm-none-eabi/4.9.3/../../../../arm-none-eabi/lib/armv6-m\libg_nano.a(lib_a-errno.o)
 .debug_frame   0x00000e04       0x28 c:/program files (x86)/cypress/psoc creator/3.3/psoc creator/import/gnu/arm/4.9.3/bin/../lib/gcc/arm-none-eabi/4.9.3/../../../../arm-none-eabi/lib/armv6-m\libg_nano.a(lib_a-exit.o)
 .debug_frame   0x00000e2c       0x2c c:/program files (x86)/cypress/psoc creator/3.3/psoc creator/import/gnu/arm/4.9.3/bin/../lib/gcc/arm-none-eabi/4.9.3/../../../../arm-none-eabi/lib/armv6-m\libg_nano.a(lib_a-init.o)
 .debug_frame   0x00000e58       0x20 c:/program files (x86)/cypress/psoc creator/3.3/psoc creator/import/gnu/arm/4.9.3/bin/../lib/gcc/arm-none-eabi/4.9.3/../../../../arm-none-eabi/lib/armv6-m\libg_nano.a(lib_a-memset.o)

.debug_str      0x00000000     0x13af
 *(.debug_str)
 .debug_str     0x00000000      0x1f6 .\CortexM0\ARM_GCC_493\Debug\main.o
                                0x22f (size before relaxing)
 .debug_str     0x000001f6       0x5b .\CortexM0\ARM_GCC_493\Debug\cymetadata.o
                                0x1cf (size before relaxing)
 .debug_str     0x00000251      0x149 .\CortexM0\ARM_GCC_493\Debug\Cm0Start.o
                                0x2f6 (size before relaxing)
 .debug_str     0x0000039a      0x168 .\CortexM0\ARM_GCC_493\Debug\Switches.a(cyfitter_cfg.o)
                                0x333 (size before relaxing)
 .debug_str     0x00000502      0x493 .\CortexM0\ARM_GCC_493\Debug\Switches.a(CyLib.o)
                                0x6ab (size before relaxing)
 .debug_str     0x00000995      0x511 .\CortexM0\ARM_GCC_493\Debug\Switches.a(CyLFClk.o)
                                0x71f (size before relaxing)
 .debug_str     0x00000ea6       0xe9 .\CortexM0\ARM_GCC_493\Debug\Switches.a(UART.o)
                                0x275 (size before relaxing)
 .debug_str     0x00000f8f      0x19a .\CortexM0\ARM_GCC_493\Debug\Switches.a(UART_UART.o)
                                0x36c (size before relaxing)
 .debug_str     0x00001129       0xa7 .\CortexM0\ARM_GCC_493\Debug\Switches.a(shifter_switches.o)
                                0x24a (size before relaxing)
 .debug_str     0x000011d0       0xfa .\CortexM0\ARM_GCC_493\Debug\Switches.a(gpio_isr.o)
                                0x309 (size before relaxing)
 .debug_str     0x000012ca       0xe5 .\CortexM0\ARM_GCC_493\Debug\Switches.a(UART_SPI_UART.o)
                                0x2c3 (size before relaxing)

.debug_loc      0x00000000     0x13a0
 *(.debug_loc)
 .debug_loc     0x00000000      0x14f .\CortexM0\ARM_GCC_493\Debug\Cm0Start.o
 .debug_loc     0x0000014f      0x118 .\CortexM0\ARM_GCC_493\Debug\Switches.a(cyfitter_cfg.o)
 .debug_loc     0x00000267      0x4ef .\CortexM0\ARM_GCC_493\Debug\Switches.a(CyLib.o)
 .debug_loc     0x00000756      0x8a2 .\CortexM0\ARM_GCC_493\Debug\Switches.a(CyLFClk.o)
 .debug_loc     0x00000ff8       0x7e .\CortexM0\ARM_GCC_493\Debug\Switches.a(UART.o)
 .debug_loc     0x00001076      0x1b2 .\CortexM0\ARM_GCC_493\Debug\Switches.a(UART_UART.o)
 .debug_loc     0x00001228       0x60 .\CortexM0\ARM_GCC_493\Debug\Switches.a(shifter_switches.o)
 .debug_loc     0x00001288       0x82 .\CortexM0\ARM_GCC_493\Debug\Switches.a(gpio_isr.o)
 .debug_loc     0x0000130a       0x96 .\CortexM0\ARM_GCC_493\Debug\Switches.a(UART_SPI_UART.o)

.debug_macinfo
 *(.debug_macinfo)

.debug_ranges   0x00000000      0x4f8
 *(.debug_ranges)
 .debug_ranges  0x00000000       0x18 .\CortexM0\ARM_GCC_493\Debug\main.o
 .debug_ranges  0x00000018       0x38 .\CortexM0\ARM_GCC_493\Debug\Cm0Start.o
 .debug_ranges  0x00000050       0x30 .\CortexM0\ARM_GCC_493\Debug\Switches.a(cyfitter_cfg.o)
 .debug_ranges  0x00000080      0x188 .\CortexM0\ARM_GCC_493\Debug\Switches.a(CyLib.o)
 .debug_ranges  0x00000208      0x140 .\CortexM0\ARM_GCC_493\Debug\Switches.a(CyLFClk.o)
 .debug_ranges  0x00000348       0x48 .\CortexM0\ARM_GCC_493\Debug\Switches.a(UART.o)
 .debug_ranges  0x00000390       0x78 .\CortexM0\ARM_GCC_493\Debug\Switches.a(UART_UART.o)
 .debug_ranges  0x00000408       0x30 .\CortexM0\ARM_GCC_493\Debug\Switches.a(shifter_switches.o)
 .debug_ranges  0x00000438       0x70 .\CortexM0\ARM_GCC_493\Debug\Switches.a(gpio_isr.o)
 .debug_ranges  0x000004a8       0x50 .\CortexM0\ARM_GCC_493\Debug\Switches.a(UART_SPI_UART.o)

.comment        0x00000000       0x70
 .comment       0x00000000       0x70 .\CortexM0\ARM_GCC_493\Debug\main.o
                                 0x71 (size before relaxing)
 .comment       0x00000000       0x71 .\CortexM0\ARM_GCC_493\Debug\cymetadata.o
 .comment       0x00000000       0x71 .\CortexM0\ARM_GCC_493\Debug\Cm0Start.o
 .comment       0x00000000       0x71 .\CortexM0\ARM_GCC_493\Debug\Switches.a(cyfitter_cfg.o)
 .comment       0x00000000       0x71 .\CortexM0\ARM_GCC_493\Debug\Switches.a(CyLib.o)
 .comment       0x00000000       0x71 .\CortexM0\ARM_GCC_493\Debug\Switches.a(CyLFClk.o)
 .comment       0x00000000       0x71 .\CortexM0\ARM_GCC_493\Debug\Switches.a(UART.o)
 .comment       0x00000000       0x71 .\CortexM0\ARM_GCC_493\Debug\Switches.a(UART_UART.o)
 .comment       0x00000000       0x71 .\CortexM0\ARM_GCC_493\Debug\Switches.a(shifter_switches.o)
 .comment       0x00000000       0x71 .\CortexM0\ARM_GCC_493\Debug\Switches.a(gpio_isr.o)
 .comment       0x00000000       0x71 .\CortexM0\ARM_GCC_493\Debug\Switches.a(UART_SPI_UART.o)

.debug_weaknames
 *(.debug_weaknames)

.debug_funcnames
 *(.debug_funcnames)

.debug_typenames
 *(.debug_typenames)

.debug_varnames
 *(.debug_varnames)

.note.gnu.arm.ident
 *(.note.gnu.arm.ident)

.ARM.attributes
                0x00000000       0x28
 *(.ARM.attributes)
 .ARM.attributes
                0x00000000       0x1e c:/program files (x86)/cypress/psoc creator/3.3/psoc creator/import/gnu/arm/4.9.3/bin/../lib/gcc/arm-none-eabi/4.9.3/armv6-m/crti.o
 .ARM.attributes
                0x0000001e       0x2c c:/program files (x86)/cypress/psoc creator/3.3/psoc creator/import/gnu/arm/4.9.3/bin/../lib/gcc/arm-none-eabi/4.9.3/armv6-m/crtbegin.o
 .ARM.attributes
                0x0000004a       0x1b c:/program files (x86)/cypress/psoc creator/3.3/psoc creator/import/gnu/arm/4.9.3/bin/../lib/gcc/arm-none-eabi/4.9.3/../../../../arm-none-eabi/lib/armv6-m/crt0.o
 .ARM.attributes
                0x00000065       0x31 .\CortexM0\ARM_GCC_493\Debug\main.o
 .ARM.attributes
                0x00000096       0x31 .\CortexM0\ARM_GCC_493\Debug\cymetadata.o
 .ARM.attributes
                0x000000c7       0x31 .\CortexM0\ARM_GCC_493\Debug\Cm0Start.o
 .ARM.attributes
                0x000000f8       0x31 .\CortexM0\ARM_GCC_493\Debug\Switches.a(cyfitter_cfg.o)
 .ARM.attributes
                0x00000129       0x21 .\CortexM0\ARM_GCC_493\Debug\Switches.a(CyBootAsmGnu.o)
 .ARM.attributes
                0x0000014a       0x31 .\CortexM0\ARM_GCC_493\Debug\Switches.a(CyLib.o)
 .ARM.attributes
                0x0000017b       0x31 .\CortexM0\ARM_GCC_493\Debug\Switches.a(CyLFClk.o)
 .ARM.attributes
                0x000001ac       0x31 .\CortexM0\ARM_GCC_493\Debug\Switches.a(UART.o)
 .ARM.attributes
                0x000001dd       0x31 .\CortexM0\ARM_GCC_493\Debug\Switches.a(UART_UART.o)
 .ARM.attributes
                0x0000020e       0x31 .\CortexM0\ARM_GCC_493\Debug\Switches.a(shifter_switches.o)
 .ARM.attributes
                0x0000023f       0x31 .\CortexM0\ARM_GCC_493\Debug\Switches.a(gpio_isr.o)
 .ARM.attributes
                0x00000270       0x31 .\CortexM0\ARM_GCC_493\Debug\Switches.a(UART_SPI_UART.o)
 .ARM.attributes
                0x000002a1       0x1e c:/program files (x86)/cypress/psoc creator/3.3/psoc creator/import/gnu/arm/4.9.3/bin/../lib/gcc/arm-none-eabi/4.9.3/armv6-m\libgcc.a(_udivsi3.o)
 .ARM.attributes
                0x000002bf       0x1e c:/program files (x86)/cypress/psoc creator/3.3/psoc creator/import/gnu/arm/4.9.3/bin/../lib/gcc/arm-none-eabi/4.9.3/armv6-m\libgcc.a(_dvmd_tls.o)
 .ARM.attributes
                0x000002dd       0x2c c:/program files (x86)/cypress/psoc creator/3.3/psoc creator/import/gnu/arm/4.9.3/bin/../lib/gcc/arm-none-eabi/4.9.3/../../../../arm-none-eabi/lib/armv6-m\libg_nano.a(lib_a-errno.o)
 .ARM.attributes
                0x00000309       0x2c c:/program files (x86)/cypress/psoc creator/3.3/psoc creator/import/gnu/arm/4.9.3/bin/../lib/gcc/arm-none-eabi/4.9.3/../../../../arm-none-eabi/lib/armv6-m\libg_nano.a(lib_a-exit.o)
 .ARM.attributes
                0x00000335       0x2c c:/program files (x86)/cypress/psoc creator/3.3/psoc creator/import/gnu/arm/4.9.3/bin/../lib/gcc/arm-none-eabi/4.9.3/../../../../arm-none-eabi/lib/armv6-m\libg_nano.a(lib_a-impure.o)
 .ARM.attributes
                0x00000361       0x2c c:/program files (x86)/cypress/psoc creator/3.3/psoc creator/import/gnu/arm/4.9.3/bin/../lib/gcc/arm-none-eabi/4.9.3/../../../../arm-none-eabi/lib/armv6-m\libg_nano.a(lib_a-init.o)
 .ARM.attributes
                0x0000038d       0x2c c:/program files (x86)/cypress/psoc creator/3.3/psoc creator/import/gnu/arm/4.9.3/bin/../lib/gcc/arm-none-eabi/4.9.3/../../../../arm-none-eabi/lib/armv6-m\libg_nano.a(lib_a-memset.o)
 .ARM.attributes
                0x000003b9       0x2c c:/program files (x86)/cypress/psoc creator/3.3/psoc creator/import/gnu/arm/4.9.3/bin/../lib/gcc/arm-none-eabi/4.9.3/armv6-m/crtend.o
 .ARM.attributes
                0x000003e5       0x1e c:/program files (x86)/cypress/psoc creator/3.3/psoc creator/import/gnu/arm/4.9.3/bin/../lib/gcc/arm-none-eabi/4.9.3/armv6-m/crtn.o

/DISCARD/
 *(.note.GNU-stack)
OUTPUT(.\CortexM0\ARM_GCC_493\Debug\Switches.elf elf32-littlearm)
